Nucleo-144 final.c:61:19:LCD_SendInternal	32	static
Nucleo-144 final.c:103:6:LCD_SendCommand	16	static
Nucleo-144 final.c:108:6:LCD_SendData	16	static
Nucleo-144 final.c:113:6:LCD_Init	16	static
Nucleo-144 final.c:125:6:LCD_SendString	16	static
Nucleo-144 final.c:134:6:Send	48	static
Nucleo-144 final.c:179:5:main	24	static
Nucleo-144 final.c:319:6:SystemClock_Config	312	static
Nucleo-144 final.c:387:13:MX_DAC1_Init	48	static
Nucleo-144 final.c:428:13:MX_I2C1_Init	8	static
Nucleo-144 final.c:474:13:MX_USART3_UART_Init	8	static
Nucleo-144 final.c:522:13:MX_USB_OTG_FS_PCD_Init	8	static
Nucleo-144 final.c:558:13:MX_GPIO_Init	56	static
Nucleo-144 final.c:635:6:Error_Handler	4	static
