Archive member included to satisfy reference by file (symbol)

d:/stm32cube/stm32cubeide_1.0.2/stm32cubeide/plugins/com.st.stm32cube.ide.mcu.externaltools.gnu-tools-for-stm32.7-2018-q2-update.win32_1.0.0.201904181610/tools/bin/../lib/gcc/arm-none-eabi/7.3.1/../../../../arm-none-eabi/lib/thumb/v7e-m/fpv5/hard\libc_nano.a(lib_a-errno.o)
                              Src/syscalls.o (__errno)
d:/stm32cube/stm32cubeide_1.0.2/stm32cubeide/plugins/com.st.stm32cube.ide.mcu.externaltools.gnu-tools-for-stm32.7-2018-q2-update.win32_1.0.0.201904181610/tools/bin/../lib/gcc/arm-none-eabi/7.3.1/../../../../arm-none-eabi/lib/thumb/v7e-m/fpv5/hard\libc_nano.a(lib_a-exit.o)
                              d:/stm32cube/stm32cubeide_1.0.2/stm32cubeide/plugins/com.st.stm32cube.ide.mcu.externaltools.gnu-tools-for-stm32.7-2018-q2-update.win32_1.0.0.201904181610/tools/bin/../lib/gcc/arm-none-eabi/7.3.1/../../../../arm-none-eabi/lib/thumb/v7e-m/fpv5/hard/crt0.o (exit)
d:/stm32cube/stm32cubeide_1.0.2/stm32cubeide/plugins/com.st.stm32cube.ide.mcu.externaltools.gnu-tools-for-stm32.7-2018-q2-update.win32_1.0.0.201904181610/tools/bin/../lib/gcc/arm-none-eabi/7.3.1/../../../../arm-none-eabi/lib/thumb/v7e-m/fpv5/hard\libc_nano.a(lib_a-impure.o)
                              d:/stm32cube/stm32cubeide_1.0.2/stm32cubeide/plugins/com.st.stm32cube.ide.mcu.externaltools.gnu-tools-for-stm32.7-2018-q2-update.win32_1.0.0.201904181610/tools/bin/../lib/gcc/arm-none-eabi/7.3.1/../../../../arm-none-eabi/lib/thumb/v7e-m/fpv5/hard\libc_nano.a(lib_a-exit.o) (_global_impure_ptr)
d:/stm32cube/stm32cubeide_1.0.2/stm32cubeide/plugins/com.st.stm32cube.ide.mcu.externaltools.gnu-tools-for-stm32.7-2018-q2-update.win32_1.0.0.201904181610/tools/bin/../lib/gcc/arm-none-eabi/7.3.1/../../../../arm-none-eabi/lib/thumb/v7e-m/fpv5/hard\libc_nano.a(lib_a-init.o)
                              d:/stm32cube/stm32cubeide_1.0.2/stm32cubeide/plugins/com.st.stm32cube.ide.mcu.externaltools.gnu-tools-for-stm32.7-2018-q2-update.win32_1.0.0.201904181610/tools/bin/../lib/gcc/arm-none-eabi/7.3.1/../../../../arm-none-eabi/lib/thumb/v7e-m/fpv5/hard/crt0.o (__libc_init_array)
d:/stm32cube/stm32cubeide_1.0.2/stm32cubeide/plugins/com.st.stm32cube.ide.mcu.externaltools.gnu-tools-for-stm32.7-2018-q2-update.win32_1.0.0.201904181610/tools/bin/../lib/gcc/arm-none-eabi/7.3.1/../../../../arm-none-eabi/lib/thumb/v7e-m/fpv5/hard\libc_nano.a(lib_a-memset.o)
                              d:/stm32cube/stm32cubeide_1.0.2/stm32cubeide/plugins/com.st.stm32cube.ide.mcu.externaltools.gnu-tools-for-stm32.7-2018-q2-update.win32_1.0.0.201904181610/tools/bin/../lib/gcc/arm-none-eabi/7.3.1/../../../../arm-none-eabi/lib/thumb/v7e-m/fpv5/hard/crt0.o (memset)
d:/stm32cube/stm32cubeide_1.0.2/stm32cubeide/plugins/com.st.stm32cube.ide.mcu.externaltools.gnu-tools-for-stm32.7-2018-q2-update.win32_1.0.0.201904181610/tools/bin/../lib/gcc/arm-none-eabi/7.3.1/thumb/v7e-m/fpv5/hard\libgcc.a(_aeabi_uldivmod.o)
                              Drivers/STM32H7xx_HAL_Driver/Src/stm32h7xx_hal_uart.o (__aeabi_uldivmod)
d:/stm32cube/stm32cubeide_1.0.2/stm32cubeide/plugins/com.st.stm32cube.ide.mcu.externaltools.gnu-tools-for-stm32.7-2018-q2-update.win32_1.0.0.201904181610/tools/bin/../lib/gcc/arm-none-eabi/7.3.1/thumb/v7e-m/fpv5/hard\libgcc.a(_udivmoddi4.o)
                              d:/stm32cube/stm32cubeide_1.0.2/stm32cubeide/plugins/com.st.stm32cube.ide.mcu.externaltools.gnu-tools-for-stm32.7-2018-q2-update.win32_1.0.0.201904181610/tools/bin/../lib/gcc/arm-none-eabi/7.3.1/thumb/v7e-m/fpv5/hard\libgcc.a(_aeabi_uldivmod.o) (__udivmoddi4)
d:/stm32cube/stm32cubeide_1.0.2/stm32cubeide/plugins/com.st.stm32cube.ide.mcu.externaltools.gnu-tools-for-stm32.7-2018-q2-update.win32_1.0.0.201904181610/tools/bin/../lib/gcc/arm-none-eabi/7.3.1/thumb/v7e-m/fpv5/hard\libgcc.a(_dvmd_tls.o)
                              d:/stm32cube/stm32cubeide_1.0.2/stm32cubeide/plugins/com.st.stm32cube.ide.mcu.externaltools.gnu-tools-for-stm32.7-2018-q2-update.win32_1.0.0.201904181610/tools/bin/../lib/gcc/arm-none-eabi/7.3.1/thumb/v7e-m/fpv5/hard\libgcc.a(_aeabi_uldivmod.o) (__aeabi_ldiv0)

Allocating common symbols
Common symbol       size              file

hdac1               0x14              Src/Nucleo-144 final.o
huart3              0x8c              Src/Nucleo-144 final.o
hi2c1               0x4c              Src/Nucleo-144 final.o
hpcd_USB_OTG_FS     0x408             Src/Nucleo-144 final.o
uwTick              0x4               Drivers/STM32H7xx_HAL_Driver/Src/stm32h7xx_hal.o
pFlash              0x1c              Drivers/STM32H7xx_HAL_Driver/Src/stm32h7xx_hal_flash.o

Discarded input sections

 .text          0x0000000000000000        0x0 d:/stm32cube/stm32cubeide_1.0.2/stm32cubeide/plugins/com.st.stm32cube.ide.mcu.externaltools.gnu-tools-for-stm32.7-2018-q2-update.win32_1.0.0.201904181610/tools/bin/../lib/gcc/arm-none-eabi/7.3.1/thumb/v7e-m/fpv5/hard/crti.o
[...]
Memory Configuration

Name             Origin             Length             Attributes
DTCMRAM          0x0000000020000000 0x0000000000020000 xrw
ITCMRAM          0x0000000000000000 0x0000000000010000 xrw
RAM_D1           0x0000000024000000 0x0000000000080000 xrw
RAM_D2           0x0000000030000000 0x0000000000048000 xrw
RAM_D3           0x0000000038000000 0x0000000000010000 xrw
FLASH            0x0000000008000000 0x0000000000200000 xr
*default*        0x0000000000000000 0xffffffffffffffff

Linker script and memory map

LOAD d:/stm32cube/stm32cubeide_1.0.2/stm32cubeide/plugins/com.st.stm32cube.ide.mcu.externaltools.gnu-tools-for-stm32.7-2018-q2-update.win32_1.0.0.201904181610/tools/bin/../lib/gcc/arm-none-eabi/7.3.1/thumb/v7e-m/fpv5/hard/crti.o
LOAD d:/stm32cube/stm32cubeide_1.0.2/stm32cubeide/plugins/com.st.stm32cube.ide.mcu.externaltools.gnu-tools-for-stm32.7-2018-q2-update.win32_1.0.0.201904181610/tools/bin/../lib/gcc/arm-none-eabi/7.3.1/thumb/v7e-m/fpv5/hard/crtbegin.o
LOAD d:/stm32cube/stm32cubeide_1.0.2/stm32cubeide/plugins/com.st.stm32cube.ide.mcu.externaltools.gnu-tools-for-stm32.7-2018-q2-update.win32_1.0.0.201904181610/tools/bin/../lib/gcc/arm-none-eabi/7.3.1/../../../../arm-none-eabi/lib/thumb/v7e-m/fpv5/hard/crt0.o
LOAD Drivers/STM32H7xx_HAL_Driver/Src/stm32h7xx_hal.o
LOAD Drivers/STM32H7xx_HAL_Driver/Src/stm32h7xx_hal_cortex.o
LOAD Drivers/STM32H7xx_HAL_Driver/Src/stm32h7xx_hal_dac.o
LOAD Drivers/STM32H7xx_HAL_Driver/Src/stm32h7xx_hal_dac_ex.o
LOAD Drivers/STM32H7xx_HAL_Driver/Src/stm32h7xx_hal_dma.o
LOAD Drivers/STM32H7xx_HAL_Driver/Src/stm32h7xx_hal_dma_ex.o
LOAD Drivers/STM32H7xx_HAL_Driver/Src/stm32h7xx_hal_exti.o
LOAD Drivers/STM32H7xx_HAL_Driver/Src/stm32h7xx_hal_flash.o
LOAD Drivers/STM32H7xx_HAL_Driver/Src/stm32h7xx_hal_flash_ex.o
LOAD Drivers/STM32H7xx_HAL_Driver/Src/stm32h7xx_hal_gpio.o
LOAD Drivers/STM32H7xx_HAL_Driver/Src/stm32h7xx_hal_hsem.o
LOAD Drivers/STM32H7xx_HAL_Driver/Src/stm32h7xx_hal_i2c.o
LOAD Drivers/STM32H7xx_HAL_Driver/Src/stm32h7xx_hal_i2c_ex.o
LOAD Drivers/STM32H7xx_HAL_Driver/Src/stm32h7xx_hal_mdma.o
LOAD Drivers/STM32H7xx_HAL_Driver/Src/stm32h7xx_hal_pcd.o
LOAD Drivers/STM32H7xx_HAL_Driver/Src/stm32h7xx_hal_pcd_ex.o
LOAD Drivers/STM32H7xx_HAL_Driver/Src/stm32h7xx_hal_pwr.o
LOAD Drivers/STM32H7xx_HAL_Driver/Src/stm32h7xx_hal_pwr_ex.o
LOAD Drivers/STM32H7xx_HAL_Driver/Src/stm32h7xx_hal_rcc.o
LOAD Drivers/STM32H7xx_HAL_Driver/Src/stm32h7xx_hal_rcc_ex.o
LOAD Drivers/STM32H7xx_HAL_Driver/Src/stm32h7xx_hal_tim.o
LOAD Drivers/STM32H7xx_HAL_Driver/Src/stm32h7xx_hal_tim_ex.o
LOAD Drivers/STM32H7xx_HAL_Driver/Src/stm32h7xx_hal_uart.o
LOAD Drivers/STM32H7xx_HAL_Driver/Src/stm32h7xx_hal_uart_ex.o
LOAD Drivers/STM32H7xx_HAL_Driver/Src/stm32h7xx_ll_usb.o
LOAD Src/Nucleo-144 final.o
LOAD Src/stm32h7xx_hal_msp.o
LOAD Src/stm32h7xx_it.o
LOAD Src/syscalls.o
LOAD Src/sysmem.o
LOAD Src/system_stm32h7xx.o
LOAD Startup/startup_stm32h743zitx.o
START GROUP
LOAD d:/stm32cube/stm32cubeide_1.0.2/stm32cubeide/plugins/com.st.stm32cube.ide.mcu.externaltools.gnu-tools-for-stm32.7-2018-q2-update.win32_1.0.0.201904181610/tools/bin/../lib/gcc/arm-none-eabi/7.3.1/../../../../arm-none-eabi/lib/thumb/v7e-m/fpv5/hard\libc_nano.a
LOAD d:/stm32cube/stm32cubeide_1.0.2/stm32cubeide/plugins/com.st.stm32cube.ide.mcu.externaltools.gnu-tools-for-stm32.7-2018-q2-update.win32_1.0.0.201904181610/tools/bin/../lib/gcc/arm-none-eabi/7.3.1/../../../../arm-none-eabi/lib/thumb/v7e-m/fpv5/hard\libm.a
END GROUP
START GROUP
LOAD d:/stm32cube/stm32cubeide_1.0.2/stm32cubeide/plugins/com.st.stm32cube.ide.mcu.externaltools.gnu-tools-for-stm32.7-2018-q2-update.win32_1.0.0.201904181610/tools/bin/../lib/gcc/arm-none-eabi/7.3.1/thumb/v7e-m/fpv5/hard\libgcc.a
LOAD d:/stm32cube/stm32cubeide_1.0.2/stm32cubeide/plugins/com.st.stm32cube.ide.mcu.externaltools.gnu-tools-for-stm32.7-2018-q2-update.win32_1.0.0.201904181610/tools/bin/../lib/gcc/arm-none-eabi/7.3.1/../../../../arm-none-eabi/lib/thumb/v7e-m/fpv5/hard\libc_nano.a
END GROUP
START GROUP
LOAD d:/stm32cube/stm32cubeide_1.0.2/stm32cubeide/plugins/com.st.stm32cube.ide.mcu.externaltools.gnu-tools-for-stm32.7-2018-q2-update.win32_1.0.0.201904181610/tools/bin/../lib/gcc/arm-none-eabi/7.3.1/thumb/v7e-m/fpv5/hard\libgcc.a
LOAD d:/stm32cube/stm32cubeide_1.0.2/stm32cubeide/plugins/com.st.stm32cube.ide.mcu.externaltools.gnu-tools-for-stm32.7-2018-q2-update.win32_1.0.0.201904181610/tools/bin/../lib/gcc/arm-none-eabi/7.3.1/../../../../arm-none-eabi/lib/thumb/v7e-m/fpv5/hard\libc_nano.a
LOAD d:/stm32cube/stm32cubeide_1.0.2/stm32cubeide/plugins/com.st.stm32cube.ide.mcu.externaltools.gnu-tools-for-stm32.7-2018-q2-update.win32_1.0.0.201904181610/tools/bin/../lib/gcc/arm-none-eabi/7.3.1/../../../../arm-none-eabi/lib/thumb/v7e-m/fpv5/hard\libnosys.a
END GROUP
START GROUP
LOAD d:/stm32cube/stm32cubeide_1.0.2/stm32cubeide/plugins/com.st.stm32cube.ide.mcu.externaltools.gnu-tools-for-stm32.7-2018-q2-update.win32_1.0.0.201904181610/tools/bin/../lib/gcc/arm-none-eabi/7.3.1/thumb/v7e-m/fpv5/hard\libgcc.a
LOAD d:/stm32cube/stm32cubeide_1.0.2/stm32cubeide/plugins/com.st.stm32cube.ide.mcu.externaltools.gnu-tools-for-stm32.7-2018-q2-update.win32_1.0.0.201904181610/tools/bin/../lib/gcc/arm-none-eabi/7.3.1/../../../../arm-none-eabi/lib/thumb/v7e-m/fpv5/hard\libc_nano.a
LOAD d:/stm32cube/stm32cubeide_1.0.2/stm32cubeide/plugins/com.st.stm32cube.ide.mcu.externaltools.gnu-tools-for-stm32.7-2018-q2-update.win32_1.0.0.201904181610/tools/bin/../lib/gcc/arm-none-eabi/7.3.1/../../../../arm-none-eabi/lib/thumb/v7e-m/fpv5/hard\libnosys.a
END GROUP
LOAD d:/stm32cube/stm32cubeide_1.0.2/stm32cubeide/plugins/com.st.stm32cube.ide.mcu.externaltools.gnu-tools-for-stm32.7-2018-q2-update.win32_1.0.0.201904181610/tools/bin/../lib/gcc/arm-none-eabi/7.3.1/thumb/v7e-m/fpv5/hard/crtend.o
LOAD d:/stm32cube/stm32cubeide_1.0.2/stm32cubeide/plugins/com.st.stm32cube.ide.mcu.externaltools.gnu-tools-for-stm32.7-2018-q2-update.win32_1.0.0.201904181610/tools/bin/../lib/gcc/arm-none-eabi/7.3.1/thumb/v7e-m/fpv5/hard/crtn.o
                0x0000000024080000                _estack = 0x24080000
                0x0000000000000200                _Min_Heap_Size = 0x200
                0x0000000000000400                _Min_Stack_Size = 0x400

.isr_vector     0x0000000008000000      0x298
                0x0000000008000000                . = ALIGN (0x4)
 *(.isr_vector)
 .isr_vector    0x0000000008000000      0x298 Startup/startup_stm32h743zitx.o
                0x0000000008000000                g_pfnVectors
                0x0000000008000298                . = ALIGN (0x4)

.text           0x0000000008000298     0x7bd4
                0x0000000008000298                . = ALIGN (0x4)
 *(.text)
 .text          0x0000000008000298       0x40 d:/stm32cube/stm32cubeide_1.0.2/stm32cubeide/plugins/com.st.stm32cube.ide.mcu.externaltools.gnu-tools-for-stm32.7-2018-q2-update.win32_1.0.0.201904181610/tools/bin/../lib/gcc/arm-none-eabi/7.3.1/thumb/v7e-m/fpv5/hard/crtbegin.o
 .text          0x00000000080002d8       0x30 d:/stm32cube/stm32cubeide_1.0.2/stm32cubeide/plugins/com.st.stm32cube.ide.mcu.externaltools.gnu-tools-for-stm32.7-2018-q2-update.win32_1.0.0.201904181610/tools/bin/../lib/gcc/arm-none-eabi/7.3.1/thumb/v7e-m/fpv5/hard\libgcc.a(_aeabi_uldivmod.o)
                0x00000000080002d8                __aeabi_uldivmod
 .text          0x0000000008000308      0x2cc d:/stm32cube/stm32cubeide_1.0.2/stm32cubeide/plugins/com.st.stm32cube.ide.mcu.externaltools.gnu-tools-for-stm32.7-2018-q2-update.win32_1.0.0.201904181610/tools/bin/../lib/gcc/arm-none-eabi/7.3.1/thumb/v7e-m/fpv5/hard\libgcc.a(_udivmoddi4.o)
                0x0000000008000308                __udivmoddi4
 .text          0x00000000080005d4        0x4 d:/stm32cube/stm32cubeide_1.0.2/stm32cubeide/plugins/com.st.stm32cube.ide.mcu.externaltools.gnu-tools-for-stm32.7-2018-q2-update.win32_1.0.0.201904181610/tools/bin/../lib/gcc/arm-none-eabi/7.3.1/thumb/v7e-m/fpv5/hard\libgcc.a(_dvmd_tls.o)
                0x00000000080005d4                __aeabi_idiv0
                0x00000000080005d4                __aeabi_ldiv0
 *(.text*)
 .text.HAL_Init
                0x00000000080005d8       0x70 Drivers/STM32H7xx_HAL_Driver/Src/stm32h7xx_hal.o
                0x00000000080005d8                HAL_Init
 .text.HAL_InitTick
                0x0000000008000648       0x6c Drivers/STM32H7xx_HAL_Driver/Src/stm32h7xx_hal.o
                0x0000000008000648                HAL_InitTick
 .text.HAL_IncTick
                0x00000000080006b4       0x28 Drivers/STM32H7xx_HAL_Driver/Src/stm32h7xx_hal.o
                0x00000000080006b4                HAL_IncTick
 .text.HAL_GetTick
                0x00000000080006dc       0x18 Drivers/STM32H7xx_HAL_Driver/Src/stm32h7xx_hal.o
                0x00000000080006dc                HAL_GetTick
 .text.HAL_Delay
                0x00000000080006f4       0x44 Drivers/STM32H7xx_HAL_Driver/Src/stm32h7xx_hal.o
                0x00000000080006f4                HAL_Delay
 .text.HAL_GetREVID
                0x0000000008000738       0x18 Drivers/STM32H7xx_HAL_Driver/Src/stm32h7xx_hal.o
                0x0000000008000738                HAL_GetREVID
 .text.__NVIC_SetPriorityGrouping
                0x0000000008000750       0x48 Drivers/STM32H7xx_HAL_Driver/Src/stm32h7xx_hal_cortex.o
 .text.__NVIC_GetPriorityGrouping
                0x0000000008000798       0x1c Drivers/STM32H7xx_HAL_Driver/Src/stm32h7xx_hal_cortex.o
 .text.__NVIC_SetPriority
                0x00000000080007b4       0x54 Drivers/STM32H7xx_HAL_Driver/Src/stm32h7xx_hal_cortex.o
 .text.NVIC_EncodePriority
                0x0000000008000808       0x66 Drivers/STM32H7xx_HAL_Driver/Src/stm32h7xx_hal_cortex.o
 *fill*         0x000000000800086e        0x2 
 .text.SysTick_Config
                0x0000000008000870       0x44 Drivers/STM32H7xx_HAL_Driver/Src/stm32h7xx_hal_cortex.o
 .text.HAL_NVIC_SetPriorityGrouping
                0x00000000080008b4       0x16 Drivers/STM32H7xx_HAL_Driver/Src/stm32h7xx_hal_cortex.o
                0x00000000080008b4                HAL_NVIC_SetPriorityGrouping
 .text.HAL_NVIC_SetPriority
                0x00000000080008ca       0x34 Drivers/STM32H7xx_HAL_Driver/Src/stm32h7xx_hal_cortex.o
                0x00000000080008ca                HAL_NVIC_SetPriority
 .text.HAL_SYSTICK_Config
                0x00000000080008fe       0x18 Drivers/STM32H7xx_HAL_Driver/Src/stm32h7xx_hal_cortex.o
                0x00000000080008fe                HAL_SYSTICK_Config
 .text.HAL_DAC_Init
                0x0000000008000916       0x44 Drivers/STM32H7xx_HAL_Driver/Src/stm32h7xx_hal_dac.o
                0x0000000008000916                HAL_DAC_Init
 .text.HAL_DAC_Start
                0x000000000800095a       0x9a Drivers/STM32H7xx_HAL_Driver/Src/stm32h7xx_hal_dac.o
                0x000000000800095a                HAL_DAC_Start
 .text.HAL_DAC_SetValue
                0x00000000080009f4       0x4a Drivers/STM32H7xx_HAL_Driver/Src/stm32h7xx_hal_dac.o
                0x00000000080009f4                HAL_DAC_SetValue
 .text.HAL_DAC_GetValue
                0x0000000008000a3e       0x2a Drivers/STM32H7xx_HAL_Driver/Src/stm32h7xx_hal_dac.o
                0x0000000008000a3e                HAL_DAC_GetValue
 .text.HAL_DAC_ConfigChannel
                0x0000000008000a68      0x238 Drivers/STM32H7xx_HAL_Driver/Src/stm32h7xx_hal_dac.o
                0x0000000008000a68                HAL_DAC_ConfigChannel
 .text.HAL_GPIO_Init
                0x0000000008000ca0      0x360 Drivers/STM32H7xx_HAL_Driver/Src/stm32h7xx_hal_gpio.o
                0x0000000008000ca0                HAL_GPIO_Init
 .text.HAL_GPIO_WritePin
                0x0000000008001000       0x32 Drivers/STM32H7xx_HAL_Driver/Src/stm32h7xx_hal_gpio.o
                0x0000000008001000                HAL_GPIO_WritePin
 *fill*         0x0000000008001032        0x2 
 .text.HAL_I2C_Init
                0x0000000008001034      0x120 Drivers/STM32H7xx_HAL_Driver/Src/stm32h7xx_hal_i2c.o
                0x0000000008001034                HAL_I2C_Init
 .text.HAL_I2C_Master_Transmit
                0x0000000008001154      0x1e8 Drivers/STM32H7xx_HAL_Driver/Src/stm32h7xx_hal_i2c.o
                0x0000000008001154                HAL_I2C_Master_Transmit
 .text.HAL_I2C_IsDeviceReady
                0x000000000800133c      0x210 Drivers/STM32H7xx_HAL_Driver/Src/stm32h7xx_hal_i2c.o
                0x000000000800133c                HAL_I2C_IsDeviceReady
 .text.I2C_Flush_TXDR
                0x000000000800154c       0x48 Drivers/STM32H7xx_HAL_Driver/Src/stm32h7xx_hal_i2c.o
 .text.I2C_WaitOnFlagUntilTimeout
                0x0000000008001594       0x80 Drivers/STM32H7xx_HAL_Driver/Src/stm32h7xx_hal_i2c.o
 .text.I2C_WaitOnTXISFlagUntilTimeout
                0x0000000008001614       0x80 Drivers/STM32H7xx_HAL_Driver/Src/stm32h7xx_hal_i2c.o
 .text.I2C_WaitOnSTOPFlagUntilTimeout
                0x0000000008001694       0x78 Drivers/STM32H7xx_HAL_Driver/Src/stm32h7xx_hal_i2c.o
 .text.I2C_IsAcknowledgeFailed
                0x000000000800170c       0xcc Drivers/STM32H7xx_HAL_Driver/Src/stm32h7xx_hal_i2c.o
 .text.I2C_TransferConfig
                0x00000000080017d8       0x5c Drivers/STM32H7xx_HAL_Driver/Src/stm32h7xx_hal_i2c.o
 .text.HAL_I2CEx_ConfigAnalogFilter
                0x0000000008001834       0x96 Drivers/STM32H7xx_HAL_Driver/Src/stm32h7xx_hal_i2c_ex.o
                0x0000000008001834                HAL_I2CEx_ConfigAnalogFilter
 .text.HAL_I2CEx_ConfigDigitalFilter
                0x00000000080018ca       0x98 Drivers/STM32H7xx_HAL_Driver/Src/stm32h7xx_hal_i2c_ex.o
                0x00000000080018ca                HAL_I2CEx_ConfigDigitalFilter
 .text.HAL_PCD_Init
                0x0000000008001962      0x248 Drivers/STM32H7xx_HAL_Driver/Src/stm32h7xx_hal_pcd.o
                0x0000000008001962                HAL_PCD_Init
 *fill*         0x0000000008001baa        0x2 
 .text.HAL_PCDEx_ActivateLPM
                0x0000000008001bac       0x48 Drivers/STM32H7xx_HAL_Driver/Src/stm32h7xx_hal_pcd_ex.o
                0x0000000008001bac                HAL_PCDEx_ActivateLPM
 .text.HAL_PWREx_ConfigSupply
                0x0000000008001bf4       0x70 Drivers/STM32H7xx_HAL_Driver/Src/stm32h7xx_hal_pwr_ex.o
                0x0000000008001bf4                HAL_PWREx_ConfigSupply
 .text.HAL_PWREx_EnableUSBVoltageDetector
                0x0000000008001c64       0x20 Drivers/STM32H7xx_HAL_Driver/Src/stm32h7xx_hal_pwr_ex.o
                0x0000000008001c64                HAL_PWREx_EnableUSBVoltageDetector
 .text.HAL_RCC_OscConfig
                0x0000000008001c84      0x770 Drivers/STM32H7xx_HAL_Driver/Src/stm32h7xx_hal_rcc.o
                0x0000000008001c84                HAL_RCC_OscConfig
 .text.HAL_RCC_ClockConfig
                0x00000000080023f4      0x348 Drivers/STM32H7xx_HAL_Driver/Src/stm32h7xx_hal_rcc.o
                0x00000000080023f4                HAL_RCC_ClockConfig
 .text.HAL_RCC_GetSysClockFreq
                0x000000000800273c      0x2e4 Drivers/STM32H7xx_HAL_Driver/Src/stm32h7xx_hal_rcc.o
                0x000000000800273c                HAL_RCC_GetSysClockFreq
 .text.HAL_RCC_GetHCLKFreq
                0x0000000008002a20       0x38 Drivers/STM32H7xx_HAL_Driver/Src/stm32h7xx_hal_rcc.o
                0x0000000008002a20                HAL_RCC_GetHCLKFreq
 .text.HAL_RCC_GetPCLK1Freq
                0x0000000008002a58       0x2c Drivers/STM32H7xx_HAL_Driver/Src/stm32h7xx_hal_rcc.o
                0x0000000008002a58                HAL_RCC_GetPCLK1Freq
 .text.HAL_RCC_GetPCLK2Freq
                0x0000000008002a84       0x2c Drivers/STM32H7xx_HAL_Driver/Src/stm32h7xx_hal_rcc.o
                0x0000000008002a84                HAL_RCC_GetPCLK2Freq
 .text.HAL_RCCEx_PeriphCLKConfig
                0x0000000008002ab0      0xde0 Drivers/STM32H7xx_HAL_Driver/Src/stm32h7xx_hal_rcc_ex.o
                0x0000000008002ab0                HAL_RCCEx_PeriphCLKConfig
 .text.HAL_RCCEx_GetD3PCLK1Freq
                0x0000000008003890       0x2c Drivers/STM32H7xx_HAL_Driver/Src/stm32h7xx_hal_rcc_ex.o
                0x0000000008003890                HAL_RCCEx_GetD3PCLK1Freq
 .text.HAL_RCCEx_GetPLL2ClockFreq
                0x00000000080038bc      0x298 Drivers/STM32H7xx_HAL_Driver/Src/stm32h7xx_hal_rcc_ex.o
                0x00000000080038bc                HAL_RCCEx_GetPLL2ClockFreq
 .text.HAL_RCCEx_GetPLL3ClockFreq
                0x0000000008003b54      0x298 Drivers/STM32H7xx_HAL_Driver/Src/stm32h7xx_hal_rcc_ex.o
                0x0000000008003b54                HAL_RCCEx_GetPLL3ClockFreq
 .text.HAL_RCCEx_GetD1SysClockFreq
                0x0000000008003dec       0x38 Drivers/STM32H7xx_HAL_Driver/Src/stm32h7xx_hal_rcc_ex.o
                0x0000000008003dec                HAL_RCCEx_GetD1SysClockFreq
 .text.RCCEx_PLL2_Config
                0x0000000008003e24      0x164 Drivers/STM32H7xx_HAL_Driver/Src/stm32h7xx_hal_rcc_ex.o
 .text.RCCEx_PLL3_Config
                0x0000000008003f88      0x164 Drivers/STM32H7xx_HAL_Driver/Src/stm32h7xx_hal_rcc_ex.o
 .text.HAL_UART_Init
                0x00000000080040ec       0xa0 Drivers/STM32H7xx_HAL_Driver/Src/stm32h7xx_hal_uart.o
                0x00000000080040ec                HAL_UART_Init
 *fill*         0x000000000800418c        0x4 
 .text.UART_SetConfig
                0x0000000008004190     0x22fc Drivers/STM32H7xx_HAL_Driver/Src/stm32h7xx_hal_uart.o
                0x0000000008004190                UART_SetConfig
 .text.UART_AdvFeatureConfig
                0x000000000800648c      0x144 Drivers/STM32H7xx_HAL_Driver/Src/stm32h7xx_hal_uart.o
                0x000000000800648c                UART_AdvFeatureConfig
 .text.UART_CheckIdleState
                0x00000000080065d0       0x90 Drivers/STM32H7xx_HAL_Driver/Src/stm32h7xx_hal_uart.o
                0x00000000080065d0                UART_CheckIdleState
 .text.UART_WaitOnFlagUntilTimeout
                0x0000000008006660      0x100 Drivers/STM32H7xx_HAL_Driver/Src/stm32h7xx_hal_uart.o
                0x0000000008006660                UART_WaitOnFlagUntilTimeout
 .text.HAL_UARTEx_DisableFifoMode
                0x0000000008006760       0x72 Drivers/STM32H7xx_HAL_Driver/Src/stm32h7xx_hal_uart_ex.o
                0x0000000008006760                HAL_UARTEx_DisableFifoMode
 .text.HAL_UARTEx_SetTxFifoThreshold
                0x00000000080067d2       0x7c Drivers/STM32H7xx_HAL_Driver/Src/stm32h7xx_hal_uart_ex.o
                0x00000000080067d2                HAL_UARTEx_SetTxFifoThreshold
 .text.HAL_UARTEx_SetRxFifoThreshold
                0x000000000800684e       0x7c Drivers/STM32H7xx_HAL_Driver/Src/stm32h7xx_hal_uart_ex.o
                0x000000000800684e                HAL_UARTEx_SetRxFifoThreshold
 *fill*         0x00000000080068ca        0x2 
 .text.UARTEx_SetNbDataToProcess
                0x00000000080068cc       0xd0 Drivers/STM32H7xx_HAL_Driver/Src/stm32h7xx_hal_uart_ex.o
 .text.USB_CoreInit
                0x000000000800699c       0xc4 Drivers/STM32H7xx_HAL_Driver/Src/stm32h7xx_ll_usb.o
                0x000000000800699c                USB_CoreInit
 .text.USB_DisableGlobalInt
                0x0000000008006a60       0x22 Drivers/STM32H7xx_HAL_Driver/Src/stm32h7xx_ll_usb.o
                0x0000000008006a60                USB_DisableGlobalInt
 .text.USB_SetCurrentMode
                0x0000000008006a82       0x54 Drivers/STM32H7xx_HAL_Driver/Src/stm32h7xx_ll_usb.o
                0x0000000008006a82                USB_SetCurrentMode
 *fill*         0x0000000008006ad6        0x2 
 .text.USB_DevInit
                0x0000000008006ad8      0x2d8 Drivers/STM32H7xx_HAL_Driver/Src/stm32h7xx_ll_usb.o
                0x0000000008006ad8                USB_DevInit
 .text.USB_FlushTxFifo
                0x0000000008006db0       0x4c Drivers/STM32H7xx_HAL_Driver/Src/stm32h7xx_ll_usb.o
                0x0000000008006db0                USB_FlushTxFifo
 .text.USB_FlushRxFifo
                0x0000000008006dfc       0x44 Drivers/STM32H7xx_HAL_Driver/Src/stm32h7xx_ll_usb.o
                0x0000000008006dfc                USB_FlushRxFifo
 .text.USB_SetDevSpeed
                0x0000000008006e40       0x32 Drivers/STM32H7xx_HAL_Driver/Src/stm32h7xx_ll_usb.o
                0x0000000008006e40                USB_SetDevSpeed
 .text.USB_DevDisconnect
                0x0000000008006e72       0x30 Drivers/STM32H7xx_HAL_Driver/Src/stm32h7xx_ll_usb.o
                0x0000000008006e72                USB_DevDisconnect
 *fill*         0x0000000008006ea2        0x2 
 .text.USB_CoreReset
                0x0000000008006ea4       0x68 Drivers/STM32H7xx_HAL_Driver/Src/stm32h7xx_ll_usb.o
 .text.LCD_SendInternal
                0x0000000008006f0c       0xac Src/Nucleo-144 final.o
                0x0000000008006f0c                LCD_SendInternal
 .text.LCD_SendCommand
                0x0000000008006fb8       0x24 Src/Nucleo-144 final.o
                0x0000000008006fb8                LCD_SendCommand
 .text.LCD_SendData
                0x0000000008006fdc       0x24 Src/Nucleo-144 final.o
                0x0000000008006fdc                LCD_SendData
 .text.LCD_Init
                0x0000000008007000       0x3a Src/Nucleo-144 final.o
                0x0000000008007000                LCD_Init
 .text.LCD_SendString
                0x000000000800703a       0x32 Src/Nucleo-144 final.o
                0x000000000800703a                LCD_SendString
 .text.Send     0x000000000800706c      0x1d4 Src/Nucleo-144 final.o
                0x000000000800706c                Send
 .text.main     0x0000000008007240      0x254 Src/Nucleo-144 final.o
                0x0000000008007240                main
 .text.SystemClock_Config
                0x0000000008007494      0x180 Src/Nucleo-144 final.o
                0x0000000008007494                SystemClock_Config
 .text.MX_DAC1_Init
                0x0000000008007614       0x64 Src/Nucleo-144 final.o
 .text.MX_I2C1_Init
                0x0000000008007678       0x80 Src/Nucleo-144 final.o
 .text.MX_USART3_UART_Init
                0x00000000080076f8       0x98 Src/Nucleo-144 final.o
 .text.MX_USB_OTG_FS_PCD_Init
                0x0000000008007790       0x64 Src/Nucleo-144 final.o
 .text.MX_GPIO_Init
                0x00000000080077f4      0x1ec Src/Nucleo-144 final.o
 .text.Error_Handler
                0x00000000080079e0        0xe Src/Nucleo-144 final.o
                0x00000000080079e0                Error_Handler
 *fill*         0x00000000080079ee        0x2 
 .text.HAL_MspInit
                0x00000000080079f0       0x34 Src/stm32h7xx_hal_msp.o
                0x00000000080079f0                HAL_MspInit
 .text.HAL_DAC_MspInit
                0x0000000008007a24       0x8c Src/stm32h7xx_hal_msp.o
                0x0000000008007a24                HAL_DAC_MspInit
 .text.HAL_I2C_MspInit
                0x0000000008007ab0       0x94 Src/stm32h7xx_hal_msp.o
                0x0000000008007ab0                HAL_I2C_MspInit
 .text.HAL_UART_MspInit
                0x0000000008007b44       0x94 Src/stm32h7xx_hal_msp.o
                0x0000000008007b44                HAL_UART_MspInit
 .text.HAL_PCD_MspInit
                0x0000000008007bd8       0xb0 Src/stm32h7xx_hal_msp.o
                0x0000000008007bd8                HAL_PCD_MspInit
 .text.NMI_Handler
                0x0000000008007c88        0xe Src/stm32h7xx_it.o
                0x0000000008007c88                NMI_Handler
 .text.HardFault_Handler
                0x0000000008007c96        0x6 Src/stm32h7xx_it.o
                0x0000000008007c96                HardFault_Handler
 .text.MemManage_Handler
                0x0000000008007c9c        0x6 Src/stm32h7xx_it.o
                0x0000000008007c9c                MemManage_Handler
 .text.BusFault_Handler
                0x0000000008007ca2        0x6 Src/stm32h7xx_it.o
                0x0000000008007ca2                BusFault_Handler
 .text.UsageFault_Handler
                0x0000000008007ca8        0x6 Src/stm32h7xx_it.o
                0x0000000008007ca8                UsageFault_Handler
 .text.SVC_Handler
                0x0000000008007cae        0xe Src/stm32h7xx_it.o
                0x0000000008007cae                SVC_Handler
 .text.DebugMon_Handler
                0x0000000008007cbc        0xe Src/stm32h7xx_it.o
                0x0000000008007cbc                DebugMon_Handler
 .text.PendSV_Handler
                0x0000000008007cca        0xe Src/stm32h7xx_it.o
                0x0000000008007cca                PendSV_Handler
 .text.SysTick_Handler
                0x0000000008007cd8        0xc Src/stm32h7xx_it.o
                0x0000000008007cd8                SysTick_Handler
 .text.SystemInit
                0x0000000008007ce4       0xc4 Src/system_stm32h7xx.o
                0x0000000008007ce4                SystemInit
 .text.Reset_Handler
                0x0000000008007da8       0x50 Startup/startup_stm32h743zitx.o
                0x0000000008007da8                Reset_Handler
 .text.Default_Handler
                0x0000000008007df8        0x2 Startup/startup_stm32h743zitx.o
                0x0000000008007df8                RTC_Alarm_IRQHandler
                0x0000000008007df8                EXTI2_IRQHandler
                0x0000000008007df8                TIM8_CC_IRQHandler
                0x0000000008007df8                HRTIM1_Master_IRQHandler
                0x0000000008007df8                UART8_IRQHandler
                0x0000000008007df8                SPI4_IRQHandler
                0x0000000008007df8                TIM1_CC_IRQHandler
                0x0000000008007df8                BDMA_Channel6_IRQHandler
                0x0000000008007df8                DMA2_Stream5_IRQHandler
                0x0000000008007df8                HRTIM1_FLT_IRQHandler
                0x0000000008007df8                JPEG_IRQHandler
                0x0000000008007df8                DMA1_Stream5_IRQHandler
                0x0000000008007df8                BDMA_Channel1_IRQHandler
                0x0000000008007df8                HRTIM1_TIMD_IRQHandler
                0x0000000008007df8                TAMP_STAMP_IRQHandler
                0x0000000008007df8                EXTI3_IRQHandler
                0x0000000008007df8                LPTIM4_IRQHandler
                0x0000000008007df8                TIM8_TRG_COM_TIM14_IRQHandler
                0x0000000008007df8                LPTIM2_IRQHandler
                0x0000000008007df8                DFSDM1_FLT1_IRQHandler
                0x0000000008007df8                DMAMUX2_OVR_IRQHandler
                0x0000000008007df8                TIM8_UP_TIM13_IRQHandler
                0x0000000008007df8                I2C3_ER_IRQHandler
                0x0000000008007df8                DFSDM1_FLT2_IRQHandler
                0x0000000008007df8                MDMA_IRQHandler
                0x0000000008007df8                LPTIM3_IRQHandler
                0x0000000008007df8                HSEM1_IRQHandler
                0x0000000008007df8                EXTI0_IRQHandler
                0x0000000008007df8                I2C2_EV_IRQHandler
                0x0000000008007df8                DMA1_Stream2_IRQHandler
                0x0000000008007df8                FPU_IRQHandler
                0x0000000008007df8                OTG_HS_WKUP_IRQHandler
                0x0000000008007df8                FDCAN1_IT1_IRQHandler
                0x0000000008007df8                LTDC_ER_IRQHandler
                0x0000000008007df8                DMA2_Stream2_IRQHandler
                0x0000000008007df8                HRTIM1_TIME_IRQHandler
                0x0000000008007df8                SPI1_IRQHandler
                0x0000000008007df8                TIM6_DAC_IRQHandler
                0x0000000008007df8                DCMI_IRQHandler
                0x0000000008007df8                HRTIM1_TIMC_IRQHandler
                0x0000000008007df8                DMA2_Stream3_IRQHandler
                0x0000000008007df8                SAI2_IRQHandler
                0x0000000008007df8                DFSDM1_FLT3_IRQHandler
                0x0000000008007df8                USART6_IRQHandler
                0x0000000008007df8                TIM17_IRQHandler
                0x0000000008007df8                USART3_IRQHandler
                0x0000000008007df8                BDMA_Channel7_IRQHandler
                0x0000000008007df8                LPTIM5_IRQHandler
                0x0000000008007df8                UART5_IRQHandler
                0x0000000008007df8                ADC3_IRQHandler
                0x0000000008007df8                DMA2_Stream0_IRQHandler
                0x0000000008007df8                TIM4_IRQHandler
                0x0000000008007df8                BDMA_Channel2_IRQHandler
                0x0000000008007df8                QUADSPI_IRQHandler
                0x0000000008007df8                I2C1_EV_IRQHandler
                0x0000000008007df8                DMA1_Stream6_IRQHandler
                0x0000000008007df8                DMAMUX1_OVR_IRQHandler
                0x0000000008007df8                DMA1_Stream1_IRQHandler
                0x0000000008007df8                TIM16_IRQHandler
                0x0000000008007df8                UART4_IRQHandler
                0x0000000008007df8                BDMA_Channel5_IRQHandler
                0x0000000008007df8                TIM3_IRQHandler
                0x0000000008007df8                RCC_IRQHandler
                0x0000000008007df8                TIM8_BRK_TIM12_IRQHandler
                0x0000000008007df8                TIM1_TRG_COM_IRQHandler
                0x0000000008007df8                Default_Handler
                0x0000000008007df8                ECC_IRQHandler
                0x0000000008007df8                CEC_IRQHandler
                0x0000000008007df8                EXTI15_10_IRQHandler
                0x0000000008007df8                BDMA_Channel0_IRQHandler
                0x0000000008007df8                ADC_IRQHandler
                0x0000000008007df8                DMA1_Stream7_IRQHandler
                0x0000000008007df8                HRTIM1_TIMA_IRQHandler
                0x0000000008007df8                SPI5_IRQHandler
                0x0000000008007df8                TIM7_IRQHandler
                0x0000000008007df8                SDMMC1_IRQHandler
                0x0000000008007df8                TIM5_IRQHandler
                0x0000000008007df8                DMA2_Stream7_IRQHandler
                0x0000000008007df8                TIM15_IRQHandler
                0x0000000008007df8                PVD_AVD_IRQHandler
                0x0000000008007df8                I2C3_EV_IRQHandler
                0x0000000008007df8                EXTI9_5_IRQHandler
                0x0000000008007df8                RTC_WKUP_IRQHandler
                0x0000000008007df8                LTDC_IRQHandler
                0x0000000008007df8                SAI3_IRQHandler
                0x0000000008007df8                ETH_WKUP_IRQHandler
                0x0000000008007df8                SPDIF_RX_IRQHandler
                0x0000000008007df8                SPI2_IRQHandler
                0x0000000008007df8                OTG_HS_EP1_IN_IRQHandler
                0x0000000008007df8                DMA1_Stream0_IRQHandler
                0x0000000008007df8                CRS_IRQHandler
                0x0000000008007df8                EXTI4_IRQHandler
                0x0000000008007df8                RNG_IRQHandler
                0x0000000008007df8                HRTIM1_TIMB_IRQHandler
                0x0000000008007df8                FDCAN2_IT1_IRQHandler
                0x0000000008007df8                ETH_IRQHandler
                0x0000000008007df8                TIM1_UP_IRQHandler
                0x0000000008007df8                BDMA_Channel4_IRQHandler
                0x0000000008007df8                OTG_HS_EP1_OUT_IRQHandler
                0x0000000008007df8                WWDG_IRQHandler
                0x0000000008007df8                SPI6_IRQHandler
                0x0000000008007df8                MDIOS_IRQHandler
                0x0000000008007df8                I2C4_EV_IRQHandler
                0x0000000008007df8                FDCAN2_IT0_IRQHandler
                0x0000000008007df8                LPUART1_IRQHandler
                0x0000000008007df8                FDCAN1_IT0_IRQHandler
                0x0000000008007df8                TIM2_IRQHandler
                0x0000000008007df8                OTG_FS_WKUP_IRQHandler
                0x0000000008007df8                OTG_HS_IRQHandler
                0x0000000008007df8                DMA2D_IRQHandler
                0x0000000008007df8                TIM1_BRK_IRQHandler
                0x0000000008007df8                EXTI1_IRQHandler
                0x0000000008007df8                SDMMC2_IRQHandler
                0x0000000008007df8                OTG_FS_EP1_OUT_IRQHandler
                0x0000000008007df8                BDMA_Channel3_IRQHandler
                0x0000000008007df8                UART7_IRQHandler
                0x0000000008007df8                MDIOS_WKUP_IRQHandler
                0x0000000008007df8                USART2_IRQHandler
                0x0000000008007df8                DFSDM1_FLT0_IRQHandler
                0x0000000008007df8                SAI4_IRQHandler
                0x0000000008007df8                I2C2_ER_IRQHandler
                0x0000000008007df8                DMA2_Stream1_IRQHandler
                0x0000000008007df8                FLASH_IRQHandler
                0x0000000008007df8                DMA2_Stream4_IRQHandler
                0x0000000008007df8                USART1_IRQHandler
                0x0000000008007df8                OTG_FS_IRQHandler
                0x0000000008007df8                SPI3_IRQHandler
                0x0000000008007df8                WAKEUP_PIN_IRQHandler
                0x0000000008007df8                DMA1_Stream4_IRQHandler
                0x0000000008007df8                OTG_FS_EP1_IN_IRQHandler
                0x0000000008007df8                I2C1_ER_IRQHandler
                0x0000000008007df8                FMC_IRQHandler
                0x0000000008007df8                FDCAN_CAL_IRQHandler
                0x0000000008007df8                SWPMI1_IRQHandler
                0x0000000008007df8                COMP1_IRQHandler
                0x0000000008007df8                LPTIM1_IRQHandler
                0x0000000008007df8                I2C4_ER_IRQHandler
                0x0000000008007df8                DMA2_Stream6_IRQHandler
                0x0000000008007df8                SAI1_IRQHandler
                0x0000000008007df8                DMA1_Stream3_IRQHandler
 *fill*         0x0000000008007dfa        0x2 
 .text.__libc_init_array
                0x0000000008007dfc       0x48 d:/stm32cube/stm32cubeide_1.0.2/stm32cubeide/plugins/com.st.stm32cube.ide.mcu.externaltools.gnu-tools-for-stm32.7-2018-q2-update.win32_1.0.0.201904181610/tools/bin/../lib/gcc/arm-none-eabi/7.3.1/../../../../arm-none-eabi/lib/thumb/v7e-m/fpv5/hard\libc_nano.a(lib_a-init.o)
                0x0000000008007dfc                __libc_init_array
 .text.memset   0x0000000008007e44       0x10 d:/stm32cube/stm32cubeide_1.0.2/stm32cubeide/plugins/com.st.stm32cube.ide.mcu.externaltools.gnu-tools-for-stm32.7-2018-q2-update.win32_1.0.0.201904181610/tools/bin/../lib/gcc/arm-none-eabi/7.3.1/../../../../arm-none-eabi/lib/thumb/v7e-m/fpv5/hard\libc_nano.a(lib_a-memset.o)
                0x0000000008007e44                memset
 *(.glue_7)
 .glue_7        0x0000000008007e54        0x0 linker stubs
 *(.glue_7t)
 .glue_7t       0x0000000008007e54        0x0 linker stubs
 *(.eh_frame)
 .eh_frame      0x0000000008007e54        0x0 d:/stm32cube/stm32cubeide_1.0.2/stm32cubeide/plugins/com.st.stm32cube.ide.mcu.externaltools.gnu-tools-for-stm32.7-2018-q2-update.win32_1.0.0.201904181610/tools/bin/../lib/gcc/arm-none-eabi/7.3.1/thumb/v7e-m/fpv5/hard/crtbegin.o
 *(.init)
 .init          0x0000000008007e54        0x4 d:/stm32cube/stm32cubeide_1.0.2/stm32cubeide/plugins/com.st.stm32cube.ide.mcu.externaltools.gnu-tools-for-stm32.7-2018-q2-update.win32_1.0.0.201904181610/tools/bin/../lib/gcc/arm-none-eabi/7.3.1/thumb/v7e-m/fpv5/hard/crti.o
                0x0000000008007e54                _init
 .init          0x0000000008007e58        0x8 d:/stm32cube/stm32cubeide_1.0.2/stm32cubeide/plugins/com.st.stm32cube.ide.mcu.externaltools.gnu-tools-for-stm32.7-2018-q2-update.win32_1.0.0.201904181610/tools/bin/../lib/gcc/arm-none-eabi/7.3.1/thumb/v7e-m/fpv5/hard/crtn.o
 *(.fini)
 .fini          0x0000000008007e60        0x4 d:/stm32cube/stm32cubeide_1.0.2/stm32cubeide/plugins/com.st.stm32cube.ide.mcu.externaltools.gnu-tools-for-stm32.7-2018-q2-update.win32_1.0.0.201904181610/tools/bin/../lib/gcc/arm-none-eabi/7.3.1/thumb/v7e-m/fpv5/hard/crti.o
                0x0000000008007e60                _fini
 .fini          0x0000000008007e64        0x8 d:/stm32cube/stm32cubeide_1.0.2/stm32cubeide/plugins/com.st.stm32cube.ide.mcu.externaltools.gnu-tools-for-stm32.7-2018-q2-update.win32_1.0.0.201904181610/tools/bin/../lib/gcc/arm-none-eabi/7.3.1/thumb/v7e-m/fpv5/hard/crtn.o
                0x0000000008007e6c                . = ALIGN (0x4)
                0x0000000008007e6c                _etext = .

.vfp11_veneer   0x0000000008007e6c        0x0
 .vfp11_veneer  0x0000000008007e6c        0x0 linker stubs

.v4_bx          0x0000000008007e6c        0x0
 .v4_bx         0x0000000008007e6c        0x0 linker stubs

.iplt           0x0000000008007e6c        0x0
 .iplt          0x0000000008007e6c        0x0 d:/stm32cube/stm32cubeide_1.0.2/stm32cubeide/plugins/com.st.stm32cube.ide.mcu.externaltools.gnu-tools-for-stm32.7-2018-q2-update.win32_1.0.0.201904181610/tools/bin/../lib/gcc/arm-none-eabi/7.3.1/thumb/v7e-m/fpv5/hard/crtbegin.o

.rodata         0x0000000008007e6c       0x60
                0x0000000008007e6c                . = ALIGN (0x4)
 *(.rodata)
 .rodata        0x0000000008007e6c       0x10 Drivers/STM32H7xx_HAL_Driver/Src/stm32h7xx_hal_uart_ex.o
 .rodata        0x0000000008007e7c       0x40 Src/Nucleo-144 final.o
 *(.rodata*)
 .rodata.D1CorePrescTable
                0x0000000008007ebc       0x10 Src/system_stm32h7xx.o
                0x0000000008007ebc                D1CorePrescTable
                0x0000000008007ecc                . = ALIGN (0x4)

.ARM.extab      0x0000000008007ecc        0x0
                0x0000000008007ecc                . = ALIGN (0x4)
 *(.ARM.extab* .gnu.linkonce.armextab.*)
                0x0000000008007ecc                . = ALIGN (0x4)

.ARM            0x0000000008007ecc        0x8
                0x0000000008007ecc                . = ALIGN (0x4)
                0x0000000008007ecc                __exidx_start = .
 *(.ARM.exidx*)
 .ARM.exidx     0x0000000008007ecc        0x8 d:/stm32cube/stm32cubeide_1.0.2/stm32cubeide/plugins/com.st.stm32cube.ide.mcu.externaltools.gnu-tools-for-stm32.7-2018-q2-update.win32_1.0.0.201904181610/tools/bin/../lib/gcc/arm-none-eabi/7.3.1/thumb/v7e-m/fpv5/hard\libgcc.a(_udivmoddi4.o)
                0x0000000008007ed4                __exidx_end = .
                0x0000000008007ed4                . = ALIGN (0x4)

.rel.dyn        0x0000000008007ed4        0x0
 .rel.iplt      0x0000000008007ed4        0x0 d:/stm32cube/stm32cubeide_1.0.2/stm32cubeide/plugins/com.st.stm32cube.ide.mcu.externaltools.gnu-tools-for-stm32.7-2018-q2-update.win32_1.0.0.201904181610/tools/bin/../lib/gcc/arm-none-eabi/7.3.1/thumb/v7e-m/fpv5/hard/crtbegin.o

.preinit_array  0x0000000008007ed4        0x0
                0x0000000008007ed4                . = ALIGN (0x4)
                0x0000000008007ed4                PROVIDE (__preinit_array_start = .)
 *(.preinit_array*)
                0x0000000008007ed4                PROVIDE (__preinit_array_end = .)
                0x0000000008007ed4                . = ALIGN (0x4)

.init_array     0x0000000008007ed4        0x4
                0x0000000008007ed4                . = ALIGN (0x4)
                0x0000000008007ed4                PROVIDE (__init_array_start = .)
 *(SORT_BY_NAME(.init_array.*))
 *(.init_array*)
 .init_array    0x0000000008007ed4        0x4 d:/stm32cube/stm32cubeide_1.0.2/stm32cubeide/plugins/com.st.stm32cube.ide.mcu.externaltools.gnu-tools-for-stm32.7-2018-q2-update.win32_1.0.0.201904181610/tools/bin/../lib/gcc/arm-none-eabi/7.3.1/thumb/v7e-m/fpv5/hard/crtbegin.o
                0x0000000008007ed8                PROVIDE (__init_array_end = .)
                0x0000000008007ed8                . = ALIGN (0x4)

.fini_array     0x0000000008007ed8        0x4
                0x0000000008007ed8                . = ALIGN (0x4)
                [!provide]                        PROVIDE (__fini_array_start = .)
 *(SORT_BY_NAME(.fini_array.*))
 *(.fini_array*)
 .fini_array    0x0000000008007ed8        0x4 d:/stm32cube/stm32cubeide_1.0.2/stm32cubeide/plugins/com.st.stm32cube.ide.mcu.externaltools.gnu-tools-for-stm32.7-2018-q2-update.win32_1.0.0.201904181610/tools/bin/../lib/gcc/arm-none-eabi/7.3.1/thumb/v7e-m/fpv5/hard/crtbegin.o
                [!provide]                        PROVIDE (__fini_array_end = .)
                0x0000000008007edc                . = ALIGN (0x4)
                0x0000000008007edc                _sidata = LOADADDR (.data)

.data           0x0000000024000000       0x18 load address 0x0000000008007edc
                0x0000000024000000                . = ALIGN (0x4)
                0x0000000024000000                _sdata = .
 *(.data)
 *(.data*)
 .data.uwTickPrio
                0x0000000024000000        0x4 Drivers/STM32H7xx_HAL_Driver/Src/stm32h7xx_hal.o
                0x0000000024000000                uwTickPrio
 .data.uwTickFreq
                0x0000000024000004        0x1 Drivers/STM32H7xx_HAL_Driver/Src/stm32h7xx_hal.o
                0x0000000024000004                uwTickFreq
 *fill*         0x0000000024000005        0x3 
 .data.f        0x0000000024000008        0x4 Src/Nucleo-144 final.o
                0x0000000024000008                f
 .data.j        0x000000002400000c        0x4 Src/Nucleo-144 final.o
                0x000000002400000c                j
 .data.SystemCoreClock
                0x0000000024000010        0x4 Src/system_stm32h7xx.o
                0x0000000024000010                SystemCoreClock
 .data.SystemD2Clock
                0x0000000024000014        0x4 Src/system_stm32h7xx.o
                0x0000000024000014                SystemD2Clock
                0x0000000024000018                . = ALIGN (0x4)
                0x0000000024000018                _edata = .

.igot.plt       0x0000000024000018        0x0 load address 0x0000000008007ef4
 .igot.plt      0x0000000024000018        0x0 d:/stm32cube/stm32cubeide_1.0.2/stm32cubeide/plugins/com.st.stm32cube.ide.mcu.externaltools.gnu-tools-for-stm32.7-2018-q2-update.win32_1.0.0.201904181610/tools/bin/../lib/gcc/arm-none-eabi/7.3.1/thumb/v7e-m/fpv5/hard/crtbegin.o
                0x0000000024000018                . = ALIGN (0x4)

.bss            0x0000000024000018      0x514 load address 0x0000000008007ef4
                0x0000000024000018                _sbss = .
                0x0000000024000018                __bss_start__ = _sbss
 *(.bss)
 .bss           0x0000000024000018       0x1c d:/stm32cube/stm32cubeide_1.0.2/stm32cubeide/plugins/com.st.stm32cube.ide.mcu.externaltools.gnu-tools-for-stm32.7-2018-q2-update.win32_1.0.0.201904181610/tools/bin/../lib/gcc/arm-none-eabi/7.3.1/thumb/v7e-m/fpv5/hard/crtbegin.o
 *(.bss*)
 *(COMMON)
 COMMON         0x0000000024000034        0x4 Drivers/STM32H7xx_HAL_Driver/Src/stm32h7xx_hal.o
                0x0000000024000034                uwTick
 COMMON         0x0000000024000038      0x4f4 Src/Nucleo-144 final.o
                0x0000000024000038                hdac1
                0x000000002400004c                huart3
                0x00000000240000d8                hi2c1
                0x0000000024000124                hpcd_USB_OTG_FS
                0x000000002400052c                . = ALIGN (0x4)
                0x000000002400052c                _ebss = .
                0x000000002400052c                __bss_end__ = _ebss

._user_heap_stack
                0x000000002400052c      0x604 load address 0x0000000008007ef4
                0x0000000024000530                . = ALIGN (0x8)
 *fill*         0x000000002400052c        0x4 
                0x0000000024000530                PROVIDE (end = .)
                [!provide]                        PROVIDE (_end = .)
                0x0000000024000730                . = (. + _Min_Heap_Size)
 *fill*         0x0000000024000530      0x200 
                0x0000000024000b30                . = (. + _Min_Stack_Size)
 *fill*         0x0000000024000730      0x400 
                0x0000000024000b30                . = ALIGN (0x8)

/DISCARD/
 libc.a(*)
 libm.a(*)
 libgcc.a(*)

.ARM.attributes
                0x0000000000000000       0x2e
 *(.ARM.attributes)
 .ARM.attributes
                0x0000000000000000       0x20 d:/stm32cube/stm32cubeide_1.0.2/stm32cubeide/plugins/com.st.stm32cube.ide.mcu.externaltools.gnu-tools-for-stm32.7-2018-q2-update.win32_1.0.0.201904181610/tools/bin/../lib/gcc/arm-none-eabi/7.3.1/thumb/v7e-m/fpv5/hard/crti.o
 .ARM.attributes
                0x0000000000000020       0x32 d:/stm32cube/stm32cubeide_1.0.2/stm32cubeide/plugins/com.st.stm32cube.ide.mcu.externaltools.gnu-tools-for-stm32.7-2018-q2-update.win32_1.0.0.201904181610/tools/bin/../lib/gcc/arm-none-eabi/7.3.1/thumb/v7e-m/fpv5/hard/crtbegin.o
 .ARM.attributes
                0x0000000000000052       0x37 Drivers/STM32H7xx_HAL_Driver/Src/stm32h7xx_hal.o
 .ARM.attributes
                0x0000000000000089       0x37 Drivers/STM32H7xx_HAL_Driver/Src/stm32h7xx_hal_cortex.o
 .ARM.attributes
                0x00000000000000c0       0x37 Drivers/STM32H7xx_HAL_Driver/Src/stm32h7xx_hal_dac.o
 .ARM.attributes
                0x00000000000000f7       0x37 Drivers/STM32H7xx_HAL_Driver/Src/stm32h7xx_hal_gpio.o
 .ARM.attributes
                0x000000000000012e       0x37 Drivers/STM32H7xx_HAL_Driver/Src/stm32h7xx_hal_i2c.o
 .ARM.attributes
                0x0000000000000165       0x37 Drivers/STM32H7xx_HAL_Driver/Src/stm32h7xx_hal_i2c_ex.o
 .ARM.attributes
                0x000000000000019c       0x37 Drivers/STM32H7xx_HAL_Driver/Src/stm32h7xx_hal_pcd.o
 .ARM.attributes
                0x00000000000001d3       0x37 Drivers/STM32H7xx_HAL_Driver/Src/stm32h7xx_hal_pcd_ex.o
 .ARM.attributes
                0x000000000000020a       0x37 Drivers/STM32H7xx_HAL_Driver/Src/stm32h7xx_hal_pwr_ex.o
 .ARM.attributes
                0x0000000000000241       0x37 Drivers/STM32H7xx_HAL_Driver/Src/stm32h7xx_hal_rcc.o
 .ARM.attributes
                0x0000000000000278       0x37 Drivers/STM32H7xx_HAL_Driver/Src/stm32h7xx_hal_rcc_ex.o
 .ARM.attributes
                0x00000000000002af       0x37 Drivers/STM32H7xx_HAL_Driver/Src/stm32h7xx_hal_uart.o
 .ARM.attributes
                0x00000000000002e6       0x37 Drivers/STM32H7xx_HAL_Driver/Src/stm32h7xx_hal_uart_ex.o
 .ARM.attributes
                0x000000000000031d       0x37 Drivers/STM32H7xx_HAL_Driver/Src/stm32h7xx_ll_usb.o
 .ARM.attributes
                0x0000000000000354       0x37 Src/Nucleo-144 final.o
 .ARM.attributes
                0x000000000000038b       0x37 Src/stm32h7xx_hal_msp.o
 .ARM.attributes
                0x00000000000003c2       0x37 Src/stm32h7xx_it.o
 .ARM.attributes
                0x00000000000003f9       0x37 Src/system_stm32h7xx.o
 .ARM.attributes
                0x0000000000000430       0x21 Startup/startup_stm32h743zitx.o
 .ARM.attributes
                0x0000000000000451       0x32 d:/stm32cube/stm32cubeide_1.0.2/stm32cubeide/plugins/com.st.stm32cube.ide.mcu.externaltools.gnu-tools-for-stm32.7-2018-q2-update.win32_1.0.0.201904181610/tools/bin/../lib/gcc/arm-none-eabi/7.3.1/../../../../arm-none-eabi/lib/thumb/v7e-m/fpv5/hard\libc_nano.a(lib_a-init.o)
 .ARM.attributes
                0x0000000000000483       0x32 d:/stm32cube/stm32cubeide_1.0.2/stm32cubeide/plugins/com.st.stm32cube.ide.mcu.externaltools.gnu-tools-for-stm32.7-2018-q2-update.win32_1.0.0.201904181610/tools/bin/../lib/gcc/arm-none-eabi/7.3.1/../../../../arm-none-eabi/lib/thumb/v7e-m/fpv5/hard\libc_nano.a(lib_a-memset.o)
 .ARM.attributes
                0x00000000000004b5       0x20 d:/stm32cube/stm32cubeide_1.0.2/stm32cubeide/plugins/com.st.stm32cube.ide.mcu.externaltools.gnu-tools-for-stm32.7-2018-q2-update.win32_1.0.0.201904181610/tools/bin/../lib/gcc/arm-none-eabi/7.3.1/thumb/v7e-m/fpv5/hard\libgcc.a(_aeabi_uldivmod.o)
 .ARM.attributes
                0x00000000000004d5       0x32 d:/stm32cube/stm32cubeide_1.0.2/stm32cubeide/plugins/com.st.stm32cube.ide.mcu.externaltools.gnu-tools-for-stm32.7-2018-q2-update.win32_1.0.0.201904181610/tools/bin/../lib/gcc/arm-none-eabi/7.3.1/thumb/v7e-m/fpv5/hard\libgcc.a(_udivmoddi4.o)
 .ARM.attributes
                0x0000000000000507       0x20 d:/stm32cube/stm32cubeide_1.0.2/stm32cubeide/plugins/com.st.stm32cube.ide.mcu.externaltools.gnu-tools-for-stm32.7-2018-q2-update.win32_1.0.0.201904181610/tools/bin/../lib/gcc/arm-none-eabi/7.3.1/thumb/v7e-m/fpv5/hard\libgcc.a(_dvmd_tls.o)
 .ARM.attributes
                0x0000000000000527       0x20 d:/stm32cube/stm32cubeide_1.0.2/stm32cubeide/plugins/com.st.stm32cube.ide.mcu.externaltools.gnu-tools-for-stm32.7-2018-q2-update.win32_1.0.0.201904181610/tools/bin/../lib/gcc/arm-none-eabi/7.3.1/thumb/v7e-m/fpv5/hard/crtn.o
OUTPUT(DAC.elf elf32-littlearm)

.debug_info     0x0000000000000000    0x1dc0d
 .debug_info    0x0000000000000000     0x1de0 Drivers/STM32H7xx_HAL_Driver/Src/stm32h7xx_hal.o
 .debug_info    0x0000000000001de0     0x1a74 Drivers/STM32H7xx_HAL_Driver/Src/stm32h7xx_hal_cortex.o
 .debug_info    0x0000000000003854     0x1498 Drivers/STM32H7xx_HAL_Driver/Src/stm32h7xx_hal_dac.o
 .debug_info    0x0000000000004cec     0x1640 Drivers/STM32H7xx_HAL_Driver/Src/stm32h7xx_hal_gpio.o
 .debug_info    0x000000000000632c     0x2a0f Drivers/STM32H7xx_HAL_Driver/Src/stm32h7xx_hal_i2c.o
 .debug_info    0x0000000000008d3b     0x1714 Drivers/STM32H7xx_HAL_Driver/Src/stm32h7xx_hal_i2c_ex.o
 .debug_info    0x000000000000a44f     0x1a8e Drivers/STM32H7xx_HAL_Driver/Src/stm32h7xx_hal_pcd.o
 .debug_info    0x000000000000bedd     0x11f1 Drivers/STM32H7xx_HAL_Driver/Src/stm32h7xx_hal_pcd_ex.o
 .debug_info    0x000000000000d0ce     0x1746 Drivers/STM32H7xx_HAL_Driver/Src/stm32h7xx_hal_pwr_ex.o
 .debug_info    0x000000000000e814     0x1760 Drivers/STM32H7xx_HAL_Driver/Src/stm32h7xx_hal_rcc.o
 .debug_info    0x000000000000ff74     0x18cf Drivers/STM32H7xx_HAL_Driver/Src/stm32h7xx_hal_rcc_ex.o
 .debug_info    0x0000000000011843     0x2478 Drivers/STM32H7xx_HAL_Driver/Src/stm32h7xx_hal_uart.o
 .debug_info    0x0000000000013cbb     0x1483 Drivers/STM32H7xx_HAL_Driver/Src/stm32h7xx_hal_uart_ex.o
 .debug_info    0x000000000001513e     0x227c Drivers/STM32H7xx_HAL_Driver/Src/stm32h7xx_ll_usb.o
 .debug_info    0x00000000000173ba     0x295d Src/Nucleo-144 final.o
 .debug_info    0x0000000000019d17     0x207c Src/stm32h7xx_hal_msp.o
 .debug_info    0x000000000001bd93      0xb36 Src/stm32h7xx_it.o
 .debug_info    0x000000000001c8c9     0x1322 Src/system_stm32h7xx.o
 .debug_info    0x000000000001dbeb       0x22 Startup/startup_stm32h743zitx.o

.debug_abbrev   0x0000000000000000     0x30c2
 .debug_abbrev  0x0000000000000000      0x2db Drivers/STM32H7xx_HAL_Driver/Src/stm32h7xx_hal.o
 .debug_abbrev  0x00000000000002db      0x3b5 Drivers/STM32H7xx_HAL_Driver/Src/stm32h7xx_hal_cortex.o
 .debug_abbrev  0x0000000000000690      0x271 Drivers/STM32H7xx_HAL_Driver/Src/stm32h7xx_hal_dac.o
 .debug_abbrev  0x0000000000000901      0x28f Drivers/STM32H7xx_HAL_Driver/Src/stm32h7xx_hal_gpio.o
 .debug_abbrev  0x0000000000000b90      0x2ac Drivers/STM32H7xx_HAL_Driver/Src/stm32h7xx_hal_i2c.o
 .debug_abbrev  0x0000000000000e3c      0x266 Drivers/STM32H7xx_HAL_Driver/Src/stm32h7xx_hal_i2c_ex.o
 .debug_abbrev  0x00000000000010a2      0x2f4 Drivers/STM32H7xx_HAL_Driver/Src/stm32h7xx_hal_pcd.o
 .debug_abbrev  0x0000000000001396      0x2a2 Drivers/STM32H7xx_HAL_Driver/Src/stm32h7xx_hal_pcd_ex.o
 .debug_abbrev  0x0000000000001638      0x345 Drivers/STM32H7xx_HAL_Driver/Src/stm32h7xx_hal_pwr_ex.o
 .debug_abbrev  0x000000000000197d      0x2e2 Drivers/STM32H7xx_HAL_Driver/Src/stm32h7xx_hal_rcc.o
 .debug_abbrev  0x0000000000001c5f      0x2c3 Drivers/STM32H7xx_HAL_Driver/Src/stm32h7xx_hal_rcc_ex.o
 .debug_abbrev  0x0000000000001f22      0x2ae Drivers/STM32H7xx_HAL_Driver/Src/stm32h7xx_hal_uart.o
 .debug_abbrev  0x00000000000021d0      0x26f Drivers/STM32H7xx_HAL_Driver/Src/stm32h7xx_hal_uart_ex.o
 .debug_abbrev  0x000000000000243f      0x30a Drivers/STM32H7xx_HAL_Driver/Src/stm32h7xx_ll_usb.o
 .debug_abbrev  0x0000000000002749      0x314 Src/Nucleo-144 final.o
 .debug_abbrev  0x0000000000002a5d      0x26b Src/stm32h7xx_hal_msp.o
 .debug_abbrev  0x0000000000002cc8      0x1c9 Src/stm32h7xx_it.o
 .debug_abbrev  0x0000000000002e91      0x21f Src/system_stm32h7xx.o
 .debug_abbrev  0x00000000000030b0       0x12 Startup/startup_stm32h743zitx.o

.debug_aranges  0x0000000000000000     0x10f8
 .debug_aranges
                0x0000000000000000      0x1b8 Drivers/STM32H7xx_HAL_Driver/Src/stm32h7xx_hal.o
 .debug_aranges
                0x00000000000001b8      0x120 Drivers/STM32H7xx_HAL_Driver/Src/stm32h7xx_hal_cortex.o
 .debug_aranges
                0x00000000000002d8       0xc0 Drivers/STM32H7xx_HAL_Driver/Src/stm32h7xx_hal_dac.o
 .debug_aranges
                0x0000000000000398       0x58 Drivers/STM32H7xx_HAL_Driver/Src/stm32h7xx_hal_gpio.o
 .debug_aranges
                0x00000000000003f0      0x288 Drivers/STM32H7xx_HAL_Driver/Src/stm32h7xx_hal_i2c.o
 .debug_aranges
                0x0000000000000678       0x48 Drivers/STM32H7xx_HAL_Driver/Src/stm32h7xx_hal_i2c_ex.o
 .debug_aranges
                0x00000000000006c0      0x130 Drivers/STM32H7xx_HAL_Driver/Src/stm32h7xx_hal_pcd.o
 .debug_aranges
                0x00000000000007f0       0x60 Drivers/STM32H7xx_HAL_Driver/Src/stm32h7xx_hal_pcd_ex.o
 .debug_aranges
                0x0000000000000850      0x158 Drivers/STM32H7xx_HAL_Driver/Src/stm32h7xx_hal_pwr_ex.o
 .debug_aranges
                0x00000000000009a8       0x88 Drivers/STM32H7xx_HAL_Driver/Src/stm32h7xx_hal_rcc.o
 .debug_aranges
                0x0000000000000a30       0xe0 Drivers/STM32H7xx_HAL_Driver/Src/stm32h7xx_hal_rcc_ex.o
 .debug_aranges
                0x0000000000000b10      0x230 Drivers/STM32H7xx_HAL_Driver/Src/stm32h7xx_hal_uart.o
 .debug_aranges
                0x0000000000000d40       0x88 Drivers/STM32H7xx_HAL_Driver/Src/stm32h7xx_hal_uart_ex.o
 .debug_aranges
                0x0000000000000dc8      0x198 Drivers/STM32H7xx_HAL_Driver/Src/stm32h7xx_ll_usb.o
 .debug_aranges
                0x0000000000000f60       0x88 Src/Nucleo-144 final.o
 .debug_aranges
                0x0000000000000fe8       0x60 Src/stm32h7xx_hal_msp.o
 .debug_aranges
                0x0000000000001048       0x60 Src/stm32h7xx_it.o
 .debug_aranges
                0x00000000000010a8       0x28 Src/system_stm32h7xx.o
 .debug_aranges
                0x00000000000010d0       0x28 Startup/startup_stm32h743zitx.o

.debug_ranges   0x0000000000000000      0xfd0
 .debug_ranges  0x0000000000000000      0x1a8 Drivers/STM32H7xx_HAL_Driver/Src/stm32h7xx_hal.o
 .debug_ranges  0x00000000000001a8      0x110 Drivers/STM32H7xx_HAL_Driver/Src/stm32h7xx_hal_cortex.o
 .debug_ranges  0x00000000000002b8       0xb0 Drivers/STM32H7xx_HAL_Driver/Src/stm32h7xx_hal_dac.o
 .debug_ranges  0x0000000000000368       0x48 Drivers/STM32H7xx_HAL_Driver/Src/stm32h7xx_hal_gpio.o
 .debug_ranges  0x00000000000003b0      0x278 Drivers/STM32H7xx_HAL_Driver/Src/stm32h7xx_hal_i2c.o
 .debug_ranges  0x0000000000000628       0x38 Drivers/STM32H7xx_HAL_Driver/Src/stm32h7xx_hal_i2c_ex.o
 .debug_ranges  0x0000000000000660      0x120 Drivers/STM32H7xx_HAL_Driver/Src/stm32h7xx_hal_pcd.o
 .debug_ranges  0x0000000000000780       0x50 Drivers/STM32H7xx_HAL_Driver/Src/stm32h7xx_hal_pcd_ex.o
 .debug_ranges  0x00000000000007d0      0x148 Drivers/STM32H7xx_HAL_Driver/Src/stm32h7xx_hal_pwr_ex.o
 .debug_ranges  0x0000000000000918       0x78 Drivers/STM32H7xx_HAL_Driver/Src/stm32h7xx_hal_rcc.o
 .debug_ranges  0x0000000000000990       0xd0 Drivers/STM32H7xx_HAL_Driver/Src/stm32h7xx_hal_rcc_ex.o
 .debug_ranges  0x0000000000000a60      0x220 Drivers/STM32H7xx_HAL_Driver/Src/stm32h7xx_hal_uart.o
 .debug_ranges  0x0000000000000c80       0x78 Drivers/STM32H7xx_HAL_Driver/Src/stm32h7xx_hal_uart_ex.o
 .debug_ranges  0x0000000000000cf8      0x188 Drivers/STM32H7xx_HAL_Driver/Src/stm32h7xx_ll_usb.o
 .debug_ranges  0x0000000000000e80       0x78 Src/Nucleo-144 final.o
 .debug_ranges  0x0000000000000ef8       0x50 Src/stm32h7xx_hal_msp.o
 .debug_ranges  0x0000000000000f48       0x50 Src/stm32h7xx_it.o
 .debug_ranges  0x0000000000000f98       0x18 Src/system_stm32h7xx.o
 .debug_ranges  0x0000000000000fb0       0x20 Startup/startup_stm32h743zitx.o

.debug_macro    0x0000000000000000    0x35eff
 .debug_macro   0x0000000000000000      0x2e8 Drivers/STM32H7xx_HAL_Driver/Src/stm32h7xx_hal.o
 .debug_macro   0x00000000000002e8      0xa66 Drivers/STM32H7xx_HAL_Driver/Src/stm32h7xx_hal.o
 .debug_macro   0x0000000000000d4e      0x1db Drivers/STM32H7xx_HAL_Driver/Src/stm32h7xx_hal.o
 .debug_macro   0x0000000000000f29       0x2e Drivers/STM32H7xx_HAL_Driver/Src/stm32h7xx_hal.o
 .debug_macro   0x0000000000000f57       0x3b Drivers/STM32H7xx_HAL_Driver/Src/stm32h7xx_hal.o
 .debug_macro   0x0000000000000f92       0x22 Drivers/STM32H7xx_HAL_Driver/Src/stm32h7xx_hal.o
 .debug_macro   0x0000000000000fb4       0x8e Drivers/STM32H7xx_HAL_Driver/Src/stm32h7xx_hal.o
 .debug_macro   0x0000000000001042       0x51 Drivers/STM32H7xx_HAL_Driver/Src/stm32h7xx_hal.o
 .debug_macro   0x0000000000001093       0xef Drivers/STM32H7xx_HAL_Driver/Src/stm32h7xx_hal.o
 .debug_macro   0x0000000000001182       0x6a Drivers/STM32H7xx_HAL_Driver/Src/stm32h7xx_hal.o
 .debug_macro   0x00000000000011ec      0x1df Drivers/STM32H7xx_HAL_Driver/Src/stm32h7xx_hal.o
 .debug_macro   0x00000000000013cb       0x1c Drivers/STM32H7xx_HAL_Driver/Src/stm32h7xx_hal.o
 .debug_macro   0x00000000000013e7       0x22 Drivers/STM32H7xx_HAL_Driver/Src/stm32h7xx_hal.o
 .debug_macro   0x0000000000001409       0xdf Drivers/STM32H7xx_HAL_Driver/Src/stm32h7xx_hal.o
 .debug_macro   0x00000000000014e8     0x12cd Drivers/STM32H7xx_HAL_Driver/Src/stm32h7xx_hal.o
 .debug_macro   0x00000000000027b5      0x11f Drivers/STM32H7xx_HAL_Driver/Src/stm32h7xx_hal.o
 .debug_macro   0x00000000000028d4       0x19 Drivers/STM32H7xx_HAL_Driver/Src/stm32h7xx_hal.o
 .debug_macro   0x00000000000028ed    0x250ca Drivers/STM32H7xx_HAL_Driver/Src/stm32h7xx_hal.o
 .debug_macro   0x00000000000279b7       0x43 Drivers/STM32H7xx_HAL_Driver/Src/stm32h7xx_hal.o
 .debug_macro   0x00000000000279fa     0x3bd7 Drivers/STM32H7xx_HAL_Driver/Src/stm32h7xx_hal.o
 .debug_macro   0x000000000002b5d1      0x174 Drivers/STM32H7xx_HAL_Driver/Src/stm32h7xx_hal.o
 .debug_macro   0x000000000002b745       0x46 Drivers/STM32H7xx_HAL_Driver/Src/stm32h7xx_hal.o
 .debug_macro   0x000000000002b78b       0x17 Drivers/STM32H7xx_HAL_Driver/Src/stm32h7xx_hal.o
 .debug_macro   0x000000000002b7a2       0x3c Drivers/STM32H7xx_HAL_Driver/Src/stm32h7xx_hal.o
 .debug_macro   0x000000000002b7de       0x34 Drivers/STM32H7xx_HAL_Driver/Src/stm32h7xx_hal.o
 .debug_macro   0x000000000002b812       0x52 Drivers/STM32H7xx_HAL_Driver/Src/stm32h7xx_hal.o
 .debug_macro   0x000000000002b864       0x1f Drivers/STM32H7xx_HAL_Driver/Src/stm32h7xx_hal.o
 .debug_macro   0x000000000002b883       0x43 Drivers/STM32H7xx_HAL_Driver/Src/stm32h7xx_hal.o
 .debug_macro   0x000000000002b8c6       0x20 Drivers/STM32H7xx_HAL_Driver/Src/stm32h7xx_hal.o
 .debug_macro   0x000000000002b8e6      0x1a3 Drivers/STM32H7xx_HAL_Driver/Src/stm32h7xx_hal.o
 .debug_macro   0x000000000002ba89      0x32a Drivers/STM32H7xx_HAL_Driver/Src/stm32h7xx_hal.o
 .debug_macro   0x000000000002bdb3      0x1e1 Drivers/STM32H7xx_HAL_Driver/Src/stm32h7xx_hal.o
 .debug_macro   0x000000000002bf94       0x54 Drivers/STM32H7xx_HAL_Driver/Src/stm32h7xx_hal.o
 .debug_macro   0x000000000002bfe8     0x23dd Drivers/STM32H7xx_HAL_Driver/Src/stm32h7xx_hal.o
 .debug_macro   0x000000000002e3c5      0xf3e Drivers/STM32H7xx_HAL_Driver/Src/stm32h7xx_hal.o
 .debug_macro   0x000000000002f303      0x146 Drivers/STM32H7xx_HAL_Driver/Src/stm32h7xx_hal.o
 .debug_macro   0x000000000002f449      0x117 Drivers/STM32H7xx_HAL_Driver/Src/stm32h7xx_hal.o
 .debug_macro   0x000000000002f560      0x362 Drivers/STM32H7xx_HAL_Driver/Src/stm32h7xx_hal.o
 .debug_macro   0x000000000002f8c2       0x27 Drivers/STM32H7xx_HAL_Driver/Src/stm32h7xx_hal.o
 .debug_macro   0x000000000002f8e9      0x72d Drivers/STM32H7xx_HAL_Driver/Src/stm32h7xx_hal.o
 .debug_macro   0x0000000000030016      0x229 Drivers/STM32H7xx_HAL_Driver/Src/stm32h7xx_hal.o
 .debug_macro   0x000000000003023f       0x66 Drivers/STM32H7xx_HAL_Driver/Src/stm32h7xx_hal.o
 .debug_macro   0x00000000000302a5      0x39f Drivers/STM32H7xx_HAL_Driver/Src/stm32h7xx_hal.o
 .debug_macro   0x0000000000030644      0x3e5 Drivers/STM32H7xx_HAL_Driver/Src/stm32h7xx_hal.o
 .debug_macro   0x0000000000030a29      0x275 Drivers/STM32H7xx_HAL_Driver/Src/stm32h7xx_hal.o
 .debug_macro   0x0000000000030c9e      0x17d Drivers/STM32H7xx_HAL_Driver/Src/stm32h7xx_hal.o
 .debug_macro   0x0000000000030e1b       0xd1 Drivers/STM32H7xx_HAL_Driver/Src/stm32h7xx_hal.o
 .debug_macro   0x0000000000030eec      0x3c6 Drivers/STM32H7xx_HAL_Driver/Src/stm32h7xx_hal.o
 .debug_macro   0x00000000000312b2      0x40f Drivers/STM32H7xx_HAL_Driver/Src/stm32h7xx_hal.o
 .debug_macro   0x00000000000316c1       0x51 Drivers/STM32H7xx_HAL_Driver/Src/stm32h7xx_hal.o
 .debug_macro   0x0000000000031712       0x4a Drivers/STM32H7xx_HAL_Driver/Src/stm32h7xx_hal.o
 .debug_macro   0x000000000003175c      0x22c Drivers/STM32H7xx_HAL_Driver/Src/stm32h7xx_hal.o
 .debug_macro   0x0000000000031988       0x58 Drivers/STM32H7xx_HAL_Driver/Src/stm32h7xx_hal.o
 .debug_macro   0x00000000000319e0       0xa5 Drivers/STM32H7xx_HAL_Driver/Src/stm32h7xx_hal.o
 .debug_macro   0x0000000000031a85      0x165 Drivers/STM32H7xx_HAL_Driver/Src/stm32h7xx_hal.o
 .debug_macro   0x0000000000031bea      0x246 Drivers/STM32H7xx_HAL_Driver/Src/stm32h7xx_hal.o
 .debug_macro   0x0000000000031e30       0x35 Drivers/STM32H7xx_HAL_Driver/Src/stm32h7xx_hal.o
 .debug_macro   0x0000000000031e65      0x662 Drivers/STM32H7xx_HAL_Driver/Src/stm32h7xx_hal.o
 .debug_macro   0x00000000000324c7       0xa6 Drivers/STM32H7xx_HAL_Driver/Src/stm32h7xx_hal.o
 .debug_macro   0x000000000003256d      0x225 Drivers/STM32H7xx_HAL_Driver/Src/stm32h7xx_hal.o
 .debug_macro   0x0000000000032792       0xd6 Drivers/STM32H7xx_HAL_Driver/Src/stm32h7xx_hal.o
 .debug_macro   0x0000000000032868      0x57c Drivers/STM32H7xx_HAL_Driver/Src/stm32h7xx_hal.o
 .debug_macro   0x0000000000032de4      0x2be Drivers/STM32H7xx_HAL_Driver/Src/stm32h7xx_hal_cortex.o
 .debug_macro   0x00000000000330a2      0x2c6 Drivers/STM32H7xx_HAL_Driver/Src/stm32h7xx_hal_dac.o
 .debug_macro   0x0000000000033368      0x2fa Drivers/STM32H7xx_HAL_Driver/Src/stm32h7xx_hal_gpio.o
 .debug_macro   0x0000000000033662      0x383 Drivers/STM32H7xx_HAL_Driver/Src/stm32h7xx_hal_i2c.o
 .debug_macro   0x00000000000339e5      0x2be Drivers/STM32H7xx_HAL_Driver/Src/stm32h7xx_hal_i2c_ex.o
 .debug_macro   0x0000000000033ca3      0x2ca Drivers/STM32H7xx_HAL_Driver/Src/stm32h7xx_hal_pcd.o
 .debug_macro   0x0000000000033f6d      0x2be Drivers/STM32H7xx_HAL_Driver/Src/stm32h7xx_hal_pcd_ex.o
 .debug_macro   0x000000000003422b      0x2ee Drivers/STM32H7xx_HAL_Driver/Src/stm32h7xx_hal_pwr_ex.o
 .debug_macro   0x0000000000034519      0x2e2 Drivers/STM32H7xx_HAL_Driver/Src/stm32h7xx_hal_rcc.o
 .debug_macro   0x00000000000347fb      0x2dc Drivers/STM32H7xx_HAL_Driver/Src/stm32h7xx_hal_rcc_ex.o
 .debug_macro   0x0000000000034ad7      0x2e9 Drivers/STM32H7xx_HAL_Driver/Src/stm32h7xx_hal_uart.o
 .debug_macro   0x0000000000034dc0      0x2ca Drivers/STM32H7xx_HAL_Driver/Src/stm32h7xx_hal_uart_ex.o
 .debug_macro   0x000000000003508a      0x2be Drivers/STM32H7xx_HAL_Driver/Src/stm32h7xx_ll_usb.o
 .debug_macro   0x0000000000035348      0x2eb Src/Nucleo-144 final.o
 .debug_macro   0x0000000000035633       0x64 Src/Nucleo-144 final.o
 .debug_macro   0x0000000000035697      0x2cd Src/stm32h7xx_hal_msp.o
 .debug_macro   0x0000000000035964      0x2d7 Src/stm32h7xx_it.o
 .debug_macro   0x0000000000035c3b      0x2c4 Src/system_stm32h7xx.o

.debug_line     0x0000000000000000     0xfd02
 .debug_line    0x0000000000000000      0xcaa Drivers/STM32H7xx_HAL_Driver/Src/stm32h7xx_hal.o
 .debug_line    0x0000000000000caa      0xbe9 Drivers/STM32H7xx_HAL_Driver/Src/stm32h7xx_hal_cortex.o
 .debug_line    0x0000000000001893      0xb06 Drivers/STM32H7xx_HAL_Driver/Src/stm32h7xx_hal_dac.o
 .debug_line    0x0000000000002399      0xaa4 Drivers/STM32H7xx_HAL_Driver/Src/stm32h7xx_hal_gpio.o
 .debug_line    0x0000000000002e3d     0x1eb8 Drivers/STM32H7xx_HAL_Driver/Src/stm32h7xx_hal_i2c.o
 .debug_line    0x0000000000004cf5      0x9f1 Drivers/STM32H7xx_HAL_Driver/Src/stm32h7xx_hal_i2c_ex.o
 .debug_line    0x00000000000056e6      0xe2e Drivers/STM32H7xx_HAL_Driver/Src/stm32h7xx_hal_pcd.o
 .debug_line    0x0000000000006514      0x998 Drivers/STM32H7xx_HAL_Driver/Src/stm32h7xx_hal_pcd_ex.o
 .debug_line    0x0000000000006eac      0xc64 Drivers/STM32H7xx_HAL_Driver/Src/stm32h7xx_hal_pwr_ex.o
 .debug_line    0x0000000000007b10      0xc1e Drivers/STM32H7xx_HAL_Driver/Src/stm32h7xx_hal_rcc.o
 .debug_line    0x000000000000872e      0xe7c Drivers/STM32H7xx_HAL_Driver/Src/stm32h7xx_hal_rcc_ex.o
 .debug_line    0x00000000000095aa     0x25bc Drivers/STM32H7xx_HAL_Driver/Src/stm32h7xx_hal_uart.o
 .debug_line    0x000000000000bb66      0xb1c Drivers/STM32H7xx_HAL_Driver/Src/stm32h7xx_hal_uart_ex.o
 .debug_line    0x000000000000c682      0xfd3 Drivers/STM32H7xx_HAL_Driver/Src/stm32h7xx_ll_usb.o
 .debug_line    0x000000000000d655      0xa94 Src/Nucleo-144 final.o
 .debug_line    0x000000000000e0e9      0x965 Src/stm32h7xx_hal_msp.o
 .debug_line    0x000000000000ea4e      0x94c Src/stm32h7xx_it.o
 .debug_line    0x000000000000f39a      0x8e8 Src/system_stm32h7xx.o
 .debug_line    0x000000000000fc82       0x80 Startup/startup_stm32h743zitx.o

.debug_str      0x0000000000000000   0x1563bb
 .debug_str     0x0000000000000000   0x150d4c Drivers/STM32H7xx_HAL_Driver/Src/stm32h7xx_hal.o
                                     0x1513b5 (size before relaxing)
 .debug_str     0x0000000000150d4c      0x4b5 Drivers/STM32H7xx_HAL_Driver/Src/stm32h7xx_hal_cortex.o
                                     0x150e61 (size before relaxing)
 .debug_str     0x0000000000151201      0x6af Drivers/STM32H7xx_HAL_Driver/Src/stm32h7xx_hal_dac.o
                                     0x150735 (size before relaxing)
 .debug_str     0x00000000001518b0      0x273 Drivers/STM32H7xx_HAL_Driver/Src/stm32h7xx_hal_gpio.o
                                     0x1505f9 (size before relaxing)
 .debug_str     0x0000000000151b23      0xfbb Drivers/STM32H7xx_HAL_Driver/Src/stm32h7xx_hal_i2c.o
                                     0x151440 (size before relaxing)
 .debug_str     0x0000000000152ade       0xb8 Drivers/STM32H7xx_HAL_Driver/Src/stm32h7xx_hal_i2c_ex.o
                                     0x150934 (size before relaxing)
 .debug_str     0x0000000000152b96      0x8bf Drivers/STM32H7xx_HAL_Driver/Src/stm32h7xx_hal_pcd.o
                                     0x150959 (size before relaxing)
 .debug_str     0x0000000000153455      0x1b4 Drivers/STM32H7xx_HAL_Driver/Src/stm32h7xx_hal_pcd_ex.o
                                     0x1505d2 (size before relaxing)
 .debug_str     0x0000000000153609      0x6b1 Drivers/STM32H7xx_HAL_Driver/Src/stm32h7xx_hal_pwr_ex.o
                                     0x150997 (size before relaxing)
 .debug_str     0x0000000000153cba      0x537 Drivers/STM32H7xx_HAL_Driver/Src/stm32h7xx_hal_rcc.o
                                     0x150856 (size before relaxing)
 .debug_str     0x00000000001541f1      0x8ff Drivers/STM32H7xx_HAL_Driver/Src/stm32h7xx_hal_rcc_ex.o
                                     0x150c2d (size before relaxing)
 .debug_str     0x0000000000154af0      0xb57 Drivers/STM32H7xx_HAL_Driver/Src/stm32h7xx_hal_uart.o
                                     0x1511b0 (size before relaxing)
 .debug_str     0x0000000000155647      0x28d Drivers/STM32H7xx_HAL_Driver/Src/stm32h7xx_hal_uart_ex.o
                                     0x1507f8 (size before relaxing)
 .debug_str     0x00000000001558d4      0x67a Drivers/STM32H7xx_HAL_Driver/Src/stm32h7xx_ll_usb.o
                                     0x150ac4 (size before relaxing)
 .debug_str     0x0000000000155f4e      0x311 Src/Nucleo-144 final.o
                                     0x15185d (size before relaxing)
 .debug_str     0x000000000015625f       0x1b Src/stm32h7xx_hal_msp.o
                                     0x15112c (size before relaxing)
 .debug_str     0x000000000015627a       0xb8 Src/stm32h7xx_it.o
                                     0x150221 (size before relaxing)
 .debug_str     0x0000000000156332       0x58 Src/system_stm32h7xx.o
                                     0x1503ef (size before relaxing)
 .debug_str     0x000000000015638a       0x31 Startup/startup_stm32h743zitx.o
                                         0x58 (size before relaxing)

.comment        0x0000000000000000       0x7b
 .comment       0x0000000000000000       0x7b Drivers/STM32H7xx_HAL_Driver/Src/stm32h7xx_hal.o
                                         0x7c (size before relaxing)
 .comment       0x000000000000007b       0x7c Drivers/STM32H7xx_HAL_Driver/Src/stm32h7xx_hal_cortex.o
 .comment       0x000000000000007b       0x7c Drivers/STM32H7xx_HAL_Driver/Src/stm32h7xx_hal_dac.o
 .comment       0x000000000000007b       0x7c Drivers/STM32H7xx_HAL_Driver/Src/stm32h7xx_hal_gpio.o
 .comment       0x000000000000007b       0x7c Drivers/STM32H7xx_HAL_Driver/Src/stm32h7xx_hal_i2c.o
 .comment       0x000000000000007b       0x7c Drivers/STM32H7xx_HAL_Driver/Src/stm32h7xx_hal_i2c_ex.o
 .comment       0x000000000000007b       0x7c Drivers/STM32H7xx_HAL_Driver/Src/stm32h7xx_hal_pcd.o
 .comment       0x000000000000007b       0x7c Drivers/STM32H7xx_HAL_Driver/Src/stm32h7xx_hal_pcd_ex.o
 .comment       0x000000000000007b       0x7c Drivers/STM32H7xx_HAL_Driver/Src/stm32h7xx_hal_pwr_ex.o
 .comment       0x000000000000007b       0x7c Drivers/STM32H7xx_HAL_Driver/Src/stm32h7xx_hal_rcc.o
 .comment       0x000000000000007b       0x7c Drivers/STM32H7xx_HAL_Driver/Src/stm32h7xx_hal_rcc_ex.o
 .comment       0x000000000000007b       0x7c Drivers/STM32H7xx_HAL_Driver/Src/stm32h7xx_hal_uart.o
 .comment       0x000000000000007b       0x7c Drivers/STM32H7xx_HAL_Driver/Src/stm32h7xx_hal_uart_ex.o
 .comment       0x000000000000007b       0x7c Drivers/STM32H7xx_HAL_Driver/Src/stm32h7xx_ll_usb.o
 .comment       0x000000000000007b       0x7c Src/Nucleo-144 final.o
 .comment       0x000000000000007b       0x7c Src/stm32h7xx_hal_msp.o
 .comment       0x000000000000007b       0x7c Src/stm32h7xx_it.o
 .comment       0x000000000000007b       0x7c Src/system_stm32h7xx.o

.debug_frame    0x0000000000000000     0x47ec
 .debug_frame   0x0000000000000000      0x708 Drivers/STM32H7xx_HAL_Driver/Src/stm32h7xx_hal.o
 .debug_frame   0x0000000000000708      0x4b8 Drivers/STM32H7xx_HAL_Driver/Src/stm32h7xx_hal_cortex.o
 .debug_frame   0x0000000000000bc0      0x338 Drivers/STM32H7xx_HAL_Driver/Src/stm32h7xx_hal_dac.o
 .debug_frame   0x0000000000000ef8      0x14c Drivers/STM32H7xx_HAL_Driver/Src/stm32h7xx_hal_gpio.o
 .debug_frame   0x0000000000001044      0xbcc Drivers/STM32H7xx_HAL_Driver/Src/stm32h7xx_hal_i2c.o
 .debug_frame   0x0000000000001c10      0x100 Drivers/STM32H7xx_HAL_Driver/Src/stm32h7xx_hal_i2c_ex.o
 .debug_frame   0x0000000000001d10      0x548 Drivers/STM32H7xx_HAL_Driver/Src/stm32h7xx_hal_pcd.o
 .debug_frame   0x0000000000002258      0x174 Drivers/STM32H7xx_HAL_Driver/Src/stm32h7xx_hal_pcd_ex.o
 .debug_frame   0x00000000000023cc      0x580 Drivers/STM32H7xx_HAL_Driver/Src/stm32h7xx_hal_pwr_ex.o
 .debug_frame   0x000000000000294c      0x1ec Drivers/STM32H7xx_HAL_Driver/Src/stm32h7xx_hal_rcc.o
 .debug_frame   0x0000000000002b38      0x390 Drivers/STM32H7xx_HAL_Driver/Src/stm32h7xx_hal_rcc_ex.o
 .debug_frame   0x0000000000002ec8      0xa0c Drivers/STM32H7xx_HAL_Driver/Src/stm32h7xx_hal_uart.o
 .debug_frame   0x00000000000038d4      0x22c Drivers/STM32H7xx_HAL_Driver/Src/stm32h7xx_hal_uart_ex.o
 .debug_frame   0x0000000000003b00      0x790 Drivers/STM32H7xx_HAL_Driver/Src/stm32h7xx_ll_usb.o
 .debug_frame   0x0000000000004290      0x1f4 Src/Nucleo-144 final.o
 .debug_frame   0x0000000000004484      0x158 Src/stm32h7xx_hal_msp.o
 .debug_frame   0x00000000000045dc      0x10c Src/stm32h7xx_it.o
 .debug_frame   0x00000000000046e8       0x58 Src/system_stm32h7xx.o
 .debug_frame   0x0000000000004740       0x2c d:/stm32cube/stm32cubeide_1.0.2/stm32cubeide/plugins/com.st.stm32cube.ide.mcu.externaltools.gnu-tools-for-stm32.7-2018-q2-update.win32_1.0.0.201904181610/tools/bin/../lib/gcc/arm-none-eabi/7.3.1/../../../../arm-none-eabi/lib/thumb/v7e-m/fpv5/hard\libc_nano.a(lib_a-init.o)
 .debug_frame   0x000000000000476c       0x20 d:/stm32cube/stm32cubeide_1.0.2/stm32cubeide/plugins/com.st.stm32cube.ide.mcu.externaltools.gnu-tools-for-stm32.7-2018-q2-update.win32_1.0.0.201904181610/tools/bin/../lib/gcc/arm-none-eabi/7.3.1/../../../../arm-none-eabi/lib/thumb/v7e-m/fpv5/hard\libc_nano.a(lib_a-memset.o)
 .debug_frame   0x000000000000478c       0x2c d:/stm32cube/stm32cubeide_1.0.2/stm32cubeide/plugins/com.st.stm32cube.ide.mcu.externaltools.gnu-tools-for-stm32.7-2018-q2-update.win32_1.0.0.201904181610/tools/bin/../lib/gcc/arm-none-eabi/7.3.1/thumb/v7e-m/fpv5/hard\libgcc.a(_aeabi_uldivmod.o)
 .debug_frame   0x00000000000047b8       0x34 d:/stm32cube/stm32cubeide_1.0.2/stm32cubeide/plugins/com.st.stm32cube.ide.mcu.externaltools.gnu-tools-for-stm32.7-2018-q2-update.win32_1.0.0.201904181610/tools/bin/../lib/gcc/arm-none-eabi/7.3.1/thumb/v7e-m/fpv5/hard\libgcc.a(_udivmoddi4.o)
